Archive member included to satisfy reference by file (symbol)

c:/st/stm32cubeide_1.0.0/stm32cubeide/plugins/com.st.stm32cube.ide.mcu.externaltools.gnu-tools-for-stm32.7-2018-q2-update.win32_1.0.0.201904181610/tools/bin/../lib/gcc/arm-none-eabi/7.3.1/../../../../arm-none-eabi/lib/thumb/v6-m\libc_nano.a(lib_a-exit.o)
                              c:/st/stm32cubeide_1.0.0/stm32cubeide/plugins/com.st.stm32cube.ide.mcu.externaltools.gnu-tools-for-stm32.7-2018-q2-update.win32_1.0.0.201904181610/tools/bin/../lib/gcc/arm-none-eabi/7.3.1/../../../../arm-none-eabi/lib/thumb/v6-m/crt0.o (exit)
c:/st/stm32cubeide_1.0.0/stm32cubeide/plugins/com.st.stm32cube.ide.mcu.externaltools.gnu-tools-for-stm32.7-2018-q2-update.win32_1.0.0.201904181610/tools/bin/../lib/gcc/arm-none-eabi/7.3.1/../../../../arm-none-eabi/lib/thumb/v6-m\libc_nano.a(lib_a-impure.o)
                              c:/st/stm32cubeide_1.0.0/stm32cubeide/plugins/com.st.stm32cube.ide.mcu.externaltools.gnu-tools-for-stm32.7-2018-q2-update.win32_1.0.0.201904181610/tools/bin/../lib/gcc/arm-none-eabi/7.3.1/../../../../arm-none-eabi/lib/thumb/v6-m\libc_nano.a(lib_a-exit.o) (_global_impure_ptr)
c:/st/stm32cubeide_1.0.0/stm32cubeide/plugins/com.st.stm32cube.ide.mcu.externaltools.gnu-tools-for-stm32.7-2018-q2-update.win32_1.0.0.201904181610/tools/bin/../lib/gcc/arm-none-eabi/7.3.1/../../../../arm-none-eabi/lib/thumb/v6-m\libc_nano.a(lib_a-init.o)
                              c:/st/stm32cubeide_1.0.0/stm32cubeide/plugins/com.st.stm32cube.ide.mcu.externaltools.gnu-tools-for-stm32.7-2018-q2-update.win32_1.0.0.201904181610/tools/bin/../lib/gcc/arm-none-eabi/7.3.1/../../../../arm-none-eabi/lib/thumb/v6-m/crt0.o (__libc_init_array)
c:/st/stm32cubeide_1.0.0/stm32cubeide/plugins/com.st.stm32cube.ide.mcu.externaltools.gnu-tools-for-stm32.7-2018-q2-update.win32_1.0.0.201904181610/tools/bin/../lib/gcc/arm-none-eabi/7.3.1/../../../../arm-none-eabi/lib/thumb/v6-m\libc_nano.a(lib_a-memset.o)
                              c:/st/stm32cubeide_1.0.0/stm32cubeide/plugins/com.st.stm32cube.ide.mcu.externaltools.gnu-tools-for-stm32.7-2018-q2-update.win32_1.0.0.201904181610/tools/bin/../lib/gcc/arm-none-eabi/7.3.1/../../../../arm-none-eabi/lib/thumb/v6-m/crt0.o (memset)
c:/st/stm32cubeide_1.0.0/stm32cubeide/plugins/com.st.stm32cube.ide.mcu.externaltools.gnu-tools-for-stm32.7-2018-q2-update.win32_1.0.0.201904181610/tools/bin/../lib/gcc/arm-none-eabi/7.3.1/thumb/v6-m\libgcc.a(_thumb1_case_uqi.o)
                              Drivers/STM32L0xx_HAL_Driver/stm32l0xx_hal_dma.o (__gnu_thumb1_case_uqi)
c:/st/stm32cubeide_1.0.0/stm32cubeide/plugins/com.st.stm32cube.ide.mcu.externaltools.gnu-tools-for-stm32.7-2018-q2-update.win32_1.0.0.201904181610/tools/bin/../lib/gcc/arm-none-eabi/7.3.1/thumb/v6-m\libgcc.a(_udivsi3.o)
                              Drivers/CMSIS/system_stm32l0xx.o (__aeabi_uidiv)
c:/st/stm32cubeide_1.0.0/stm32cubeide/plugins/com.st.stm32cube.ide.mcu.externaltools.gnu-tools-for-stm32.7-2018-q2-update.win32_1.0.0.201904181610/tools/bin/../lib/gcc/arm-none-eabi/7.3.1/thumb/v6-m\libgcc.a(_divsi3.o)
                              Drivers/CMSIS/system_stm32l0xx.o (__aeabi_idiv)
c:/st/stm32cubeide_1.0.0/stm32cubeide/plugins/com.st.stm32cube.ide.mcu.externaltools.gnu-tools-for-stm32.7-2018-q2-update.win32_1.0.0.201904181610/tools/bin/../lib/gcc/arm-none-eabi/7.3.1/thumb/v6-m\libgcc.a(_dvmd_tls.o)
                              c:/st/stm32cubeide_1.0.0/stm32cubeide/plugins/com.st.stm32cube.ide.mcu.externaltools.gnu-tools-for-stm32.7-2018-q2-update.win32_1.0.0.201904181610/tools/bin/../lib/gcc/arm-none-eabi/7.3.1/thumb/v6-m\libgcc.a(_udivsi3.o) (__aeabi_idiv0)
c:/st/stm32cubeide_1.0.0/stm32cubeide/plugins/com.st.stm32cube.ide.mcu.externaltools.gnu-tools-for-stm32.7-2018-q2-update.win32_1.0.0.201904181610/tools/bin/../lib/gcc/arm-none-eabi/7.3.1/../../../../arm-none-eabi/lib/thumb/v6-m\libnosys.a(_exit.o)
                              c:/st/stm32cubeide_1.0.0/stm32cubeide/plugins/com.st.stm32cube.ide.mcu.externaltools.gnu-tools-for-stm32.7-2018-q2-update.win32_1.0.0.201904181610/tools/bin/../lib/gcc/arm-none-eabi/7.3.1/../../../../arm-none-eabi/lib/thumb/v6-m\libc_nano.a(lib_a-exit.o) (_exit)

Allocating common symbols
Common symbol       size              file

uwTick              0x4               Drivers/STM32L0xx_HAL_Driver/stm32l0xx_hal.o
pFlash              0x18              Drivers/STM32L0xx_HAL_Driver/stm32l0xx_hal_flash.o
SpiHandle           0x58              Example/User/main.o
aRxBuffer           0x6               Example/User/main.o

Discarded input sections

 .text          0x0000000000000000        0x0 c:/st/stm32cubeide_1.0.0/stm32cubeide/plugins/com.st.stm32cube.ide.mcu.externaltools.gnu-tools-for-stm32.7-2018-q2-update.win32_1.0.0.201904181610/tools/bin/../lib/gcc/arm-none-eabi/7.3.1/thumb/v6-m/crti.o
[...]
Memory Configuration

Name             Origin             Length             Attributes
FLASH            0x0000000008000000 0x0000000000010000 xr
RAM              0x0000000020000000 0x0000000000002000 xrw
*default*        0x0000000000000000 0xffffffffffffffff

Linker script and memory map

LOAD c:/st/stm32cubeide_1.0.0/stm32cubeide/plugins/com.st.stm32cube.ide.mcu.externaltools.gnu-tools-for-stm32.7-2018-q2-update.win32_1.0.0.201904181610/tools/bin/../lib/gcc/arm-none-eabi/7.3.1/thumb/v6-m/crti.o
LOAD c:/st/stm32cubeide_1.0.0/stm32cubeide/plugins/com.st.stm32cube.ide.mcu.externaltools.gnu-tools-for-stm32.7-2018-q2-update.win32_1.0.0.201904181610/tools/bin/../lib/gcc/arm-none-eabi/7.3.1/thumb/v6-m/crtbegin.o
LOAD c:/st/stm32cubeide_1.0.0/stm32cubeide/plugins/com.st.stm32cube.ide.mcu.externaltools.gnu-tools-for-stm32.7-2018-q2-update.win32_1.0.0.201904181610/tools/bin/../lib/gcc/arm-none-eabi/7.3.1/../../../../arm-none-eabi/lib/thumb/v6-m/crt0.o
LOAD Drivers/BSP/STM32L053R8_NUCLEO/stm32l0xx_nucleo.o
LOAD Drivers/CMSIS/system_stm32l0xx.o
LOAD Drivers/STM32L0xx_HAL_Driver/stm32l0xx_hal.o
LOAD Drivers/STM32L0xx_HAL_Driver/stm32l0xx_hal_adc.o
LOAD Drivers/STM32L0xx_HAL_Driver/stm32l0xx_hal_adc_ex.o
LOAD Drivers/STM32L0xx_HAL_Driver/stm32l0xx_hal_cortex.o
LOAD Drivers/STM32L0xx_HAL_Driver/stm32l0xx_hal_dma.o
LOAD Drivers/STM32L0xx_HAL_Driver/stm32l0xx_hal_flash.o
LOAD Drivers/STM32L0xx_HAL_Driver/stm32l0xx_hal_flash_ex.o
LOAD Drivers/STM32L0xx_HAL_Driver/stm32l0xx_hal_gpio.o
LOAD Drivers/STM32L0xx_HAL_Driver/stm32l0xx_hal_pwr.o
LOAD Drivers/STM32L0xx_HAL_Driver/stm32l0xx_hal_pwr_ex.o
LOAD Drivers/STM32L0xx_HAL_Driver/stm32l0xx_hal_rcc.o
LOAD Drivers/STM32L0xx_HAL_Driver/stm32l0xx_hal_rcc_ex.o
LOAD Drivers/STM32L0xx_HAL_Driver/stm32l0xx_hal_spi.o
LOAD Example/SW4STM32/startup_stm32l053xx.o
LOAD Example/User/main.o
LOAD Example/User/stm32l0xx_hal_msp.o
LOAD Example/User/stm32l0xx_it.o
START GROUP
LOAD c:/st/stm32cubeide_1.0.0/stm32cubeide/plugins/com.st.stm32cube.ide.mcu.externaltools.gnu-tools-for-stm32.7-2018-q2-update.win32_1.0.0.201904181610/tools/bin/../lib/gcc/arm-none-eabi/7.3.1/../../../../arm-none-eabi/lib/thumb/v6-m\libc_nano.a
LOAD c:/st/stm32cubeide_1.0.0/stm32cubeide/plugins/com.st.stm32cube.ide.mcu.externaltools.gnu-tools-for-stm32.7-2018-q2-update.win32_1.0.0.201904181610/tools/bin/../lib/gcc/arm-none-eabi/7.3.1/../../../../arm-none-eabi/lib/thumb/v6-m\libm.a
END GROUP
START GROUP
LOAD c:/st/stm32cubeide_1.0.0/stm32cubeide/plugins/com.st.stm32cube.ide.mcu.externaltools.gnu-tools-for-stm32.7-2018-q2-update.win32_1.0.0.201904181610/tools/bin/../lib/gcc/arm-none-eabi/7.3.1/thumb/v6-m\libgcc.a
LOAD c:/st/stm32cubeide_1.0.0/stm32cubeide/plugins/com.st.stm32cube.ide.mcu.externaltools.gnu-tools-for-stm32.7-2018-q2-update.win32_1.0.0.201904181610/tools/bin/../lib/gcc/arm-none-eabi/7.3.1/../../../../arm-none-eabi/lib/thumb/v6-m\libc_nano.a
END GROUP
START GROUP
LOAD c:/st/stm32cubeide_1.0.0/stm32cubeide/plugins/com.st.stm32cube.ide.mcu.externaltools.gnu-tools-for-stm32.7-2018-q2-update.win32_1.0.0.201904181610/tools/bin/../lib/gcc/arm-none-eabi/7.3.1/thumb/v6-m\libgcc.a
LOAD c:/st/stm32cubeide_1.0.0/stm32cubeide/plugins/com.st.stm32cube.ide.mcu.externaltools.gnu-tools-for-stm32.7-2018-q2-update.win32_1.0.0.201904181610/tools/bin/../lib/gcc/arm-none-eabi/7.3.1/../../../../arm-none-eabi/lib/thumb/v6-m\libc_nano.a
LOAD c:/st/stm32cubeide_1.0.0/stm32cubeide/plugins/com.st.stm32cube.ide.mcu.externaltools.gnu-tools-for-stm32.7-2018-q2-update.win32_1.0.0.201904181610/tools/bin/../lib/gcc/arm-none-eabi/7.3.1/../../../../arm-none-eabi/lib/thumb/v6-m\libnosys.a
END GROUP
START GROUP
LOAD c:/st/stm32cubeide_1.0.0/stm32cubeide/plugins/com.st.stm32cube.ide.mcu.externaltools.gnu-tools-for-stm32.7-2018-q2-update.win32_1.0.0.201904181610/tools/bin/../lib/gcc/arm-none-eabi/7.3.1/thumb/v6-m\libgcc.a
LOAD c:/st/stm32cubeide_1.0.0/stm32cubeide/plugins/com.st.stm32cube.ide.mcu.externaltools.gnu-tools-for-stm32.7-2018-q2-update.win32_1.0.0.201904181610/tools/bin/../lib/gcc/arm-none-eabi/7.3.1/../../../../arm-none-eabi/lib/thumb/v6-m\libc_nano.a
LOAD c:/st/stm32cubeide_1.0.0/stm32cubeide/plugins/com.st.stm32cube.ide.mcu.externaltools.gnu-tools-for-stm32.7-2018-q2-update.win32_1.0.0.201904181610/tools/bin/../lib/gcc/arm-none-eabi/7.3.1/../../../../arm-none-eabi/lib/thumb/v6-m\libnosys.a
END GROUP
LOAD c:/st/stm32cubeide_1.0.0/stm32cubeide/plugins/com.st.stm32cube.ide.mcu.externaltools.gnu-tools-for-stm32.7-2018-q2-update.win32_1.0.0.201904181610/tools/bin/../lib/gcc/arm-none-eabi/7.3.1/thumb/v6-m/crtend.o
LOAD c:/st/stm32cubeide_1.0.0/stm32cubeide/plugins/com.st.stm32cube.ide.mcu.externaltools.gnu-tools-for-stm32.7-2018-q2-update.win32_1.0.0.201904181610/tools/bin/../lib/gcc/arm-none-eabi/7.3.1/thumb/v6-m/crtn.o
                0x0000000020002000                _estack = 0x20002000
                0x0000000000000200                _Min_Heap_Size = 0x200
                0x0000000000000400                _Min_Stack_Size = 0x400

.isr_vector     0x0000000008000000       0xc0
                0x0000000008000000                . = ALIGN (0x4)
 *(.isr_vector)
 .isr_vector    0x0000000008000000       0xc0 Example/SW4STM32/startup_stm32l053xx.o
                0x0000000008000000                g_pfnVectors
                0x00000000080000c0                . = ALIGN (0x4)

.text           0x00000000080000c0     0x1598
                0x00000000080000c0                . = ALIGN (0x4)
 *(.text)
 .text          0x00000000080000c0       0x48 c:/st/stm32cubeide_1.0.0/stm32cubeide/plugins/com.st.stm32cube.ide.mcu.externaltools.gnu-tools-for-stm32.7-2018-q2-update.win32_1.0.0.201904181610/tools/bin/../lib/gcc/arm-none-eabi/7.3.1/thumb/v6-m/crtbegin.o
 .text          0x0000000008000108      0x114 c:/st/stm32cubeide_1.0.0/stm32cubeide/plugins/com.st.stm32cube.ide.mcu.externaltools.gnu-tools-for-stm32.7-2018-q2-update.win32_1.0.0.201904181610/tools/bin/../lib/gcc/arm-none-eabi/7.3.1/thumb/v6-m\libgcc.a(_udivsi3.o)
                0x0000000008000108                __aeabi_uidiv
                0x0000000008000108                __udivsi3
                0x0000000008000214                __aeabi_uidivmod
 .text          0x000000000800021c        0x4 c:/st/stm32cubeide_1.0.0/stm32cubeide/plugins/com.st.stm32cube.ide.mcu.externaltools.gnu-tools-for-stm32.7-2018-q2-update.win32_1.0.0.201904181610/tools/bin/../lib/gcc/arm-none-eabi/7.3.1/thumb/v6-m\libgcc.a(_dvmd_tls.o)
                0x000000000800021c                __aeabi_idiv0
                0x000000000800021c                __aeabi_ldiv0
 *(.text*)
 .text.BSP_LED_Init
                0x0000000008000220       0x50 Drivers/BSP/STM32L053R8_NUCLEO/stm32l0xx_nucleo.o
                0x0000000008000220                BSP_LED_Init
 .text.BSP_LED_On
                0x0000000008000270       0x18 Drivers/BSP/STM32L053R8_NUCLEO/stm32l0xx_nucleo.o
                0x0000000008000270                BSP_LED_On
 .text.BSP_LED_Off
                0x0000000008000288       0x18 Drivers/BSP/STM32L053R8_NUCLEO/stm32l0xx_nucleo.o
                0x0000000008000288                BSP_LED_Off
 .text.BSP_PB_Init
                0x00000000080002a0       0x74 Drivers/BSP/STM32L053R8_NUCLEO/stm32l0xx_nucleo.o
                0x00000000080002a0                BSP_PB_Init
 .text.BSP_PB_GetState
                0x0000000008000314       0x18 Drivers/BSP/STM32L053R8_NUCLEO/stm32l0xx_nucleo.o
                0x0000000008000314                BSP_PB_GetState
 .text.GPIO_read_NSS_state
                0x000000000800032c       0x10 Drivers/BSP/STM32L053R8_NUCLEO/stm32l0xx_nucleo.o
                0x000000000800032c                GPIO_read_NSS_state
 .text.SystemInit
                0x000000000800033c       0x5c Drivers/CMSIS/system_stm32l0xx.o
                0x000000000800033c                SystemInit
 .text.HAL_MspInit
                0x0000000008000398        0x2 Drivers/STM32L0xx_HAL_Driver/stm32l0xx_hal.o
                0x0000000008000398                HAL_MspInit
 *fill*         0x000000000800039a        0x2 
 .text.HAL_InitTick
                0x000000000800039c       0x30 Drivers/STM32L0xx_HAL_Driver/stm32l0xx_hal.o
                0x000000000800039c                HAL_InitTick
 .text.HAL_Init
                0x00000000080003cc       0x28 Drivers/STM32L0xx_HAL_Driver/stm32l0xx_hal.o
                0x00000000080003cc                HAL_Init
 .text.HAL_IncTick
                0x00000000080003f4       0x10 Drivers/STM32L0xx_HAL_Driver/stm32l0xx_hal.o
                0x00000000080003f4                HAL_IncTick
 .text.HAL_GetTick
                0x0000000008000404        0xc Drivers/STM32L0xx_HAL_Driver/stm32l0xx_hal.o
                0x0000000008000404                HAL_GetTick
 .text.HAL_NVIC_SetPriority
                0x0000000008000410       0x54 Drivers/STM32L0xx_HAL_Driver/stm32l0xx_hal_cortex.o
                0x0000000008000410                HAL_NVIC_SetPriority
 .text.HAL_NVIC_EnableIRQ
                0x0000000008000464       0x14 Drivers/STM32L0xx_HAL_Driver/stm32l0xx_hal_cortex.o
                0x0000000008000464                HAL_NVIC_EnableIRQ
 .text.HAL_SYSTICK_Config
                0x0000000008000478       0x34 Drivers/STM32L0xx_HAL_Driver/stm32l0xx_hal_cortex.o
                0x0000000008000478                HAL_SYSTICK_Config
 .text.HAL_DMA_Init
                0x00000000080004ac       0x88 Drivers/STM32L0xx_HAL_Driver/stm32l0xx_hal_dma.o
                0x00000000080004ac                HAL_DMA_Init
 .text.HAL_DMA_Start_IT
                0x0000000008000534       0x80 Drivers/STM32L0xx_HAL_Driver/stm32l0xx_hal_dma.o
                0x0000000008000534                HAL_DMA_Start_IT
 .text.HAL_DMA_IRQHandler
                0x00000000080005b4       0x96 Drivers/STM32L0xx_HAL_Driver/stm32l0xx_hal_dma.o
                0x00000000080005b4                HAL_DMA_IRQHandler
 *fill*         0x000000000800064a        0x2 
 .text.HAL_GPIO_Init
                0x000000000800064c      0x16c Drivers/STM32L0xx_HAL_Driver/stm32l0xx_hal_gpio.o
                0x000000000800064c                HAL_GPIO_Init
 .text.HAL_GPIO_ReadPin
                0x00000000080007b8        0xc Drivers/STM32L0xx_HAL_Driver/stm32l0xx_hal_gpio.o
                0x00000000080007b8                HAL_GPIO_ReadPin
 .text.HAL_GPIO_WritePin
                0x00000000080007c4        0xc Drivers/STM32L0xx_HAL_Driver/stm32l0xx_hal_gpio.o
                0x00000000080007c4                HAL_GPIO_WritePin
 .text.HAL_RCC_GetSysClockFreq
                0x00000000080007d0       0x80 Drivers/STM32L0xx_HAL_Driver/stm32l0xx_hal_rcc.o
                0x00000000080007d0                HAL_RCC_GetSysClockFreq
 .text.HAL_RCC_OscConfig
                0x0000000008000850      0x508 Drivers/STM32L0xx_HAL_Driver/stm32l0xx_hal_rcc.o
                0x0000000008000850                HAL_RCC_OscConfig
 .text.HAL_RCC_ClockConfig
                0x0000000008000d58      0x170 Drivers/STM32L0xx_HAL_Driver/stm32l0xx_hal_rcc.o
                0x0000000008000d58                HAL_RCC_ClockConfig
 .text.SPI_WaitFlagStateUntilTimeout
                0x0000000008000ec8       0x8c Drivers/STM32L0xx_HAL_Driver/stm32l0xx_hal_spi.o
 .text.SPI_EndRxTxTransaction
                0x0000000008000f54       0x42 Drivers/STM32L0xx_HAL_Driver/stm32l0xx_hal_spi.o
 .text.SPI_EndRxTransaction
                0x0000000008000f96       0x58 Drivers/STM32L0xx_HAL_Driver/stm32l0xx_hal_spi.o
 *fill*         0x0000000008000fee        0x2 
 .text.HAL_SPI_Init
                0x0000000008000ff0       0x88 Drivers/STM32L0xx_HAL_Driver/stm32l0xx_hal_spi.o
                0x0000000008000ff0                HAL_SPI_Init
 .text.HAL_SPI_TransmitReceive_DMA
                0x0000000008001078      0x134 Drivers/STM32L0xx_HAL_Driver/stm32l0xx_hal_spi.o
                0x0000000008001078                HAL_SPI_TransmitReceive_DMA
 .text.HAL_SPI_RxCpltCallback
                0x00000000080011ac        0x2 Drivers/STM32L0xx_HAL_Driver/stm32l0xx_hal_spi.o
                0x00000000080011ac                HAL_SPI_RxCpltCallback
 .text.HAL_SPI_RxHalfCpltCallback
                0x00000000080011ae        0x2 Drivers/STM32L0xx_HAL_Driver/stm32l0xx_hal_spi.o
                0x00000000080011ae                HAL_SPI_RxHalfCpltCallback
 .text.SPI_DMAHalfReceiveCplt
                0x00000000080011b0        0xa Drivers/STM32L0xx_HAL_Driver/stm32l0xx_hal_spi.o
 .text.HAL_SPI_TxRxHalfCpltCallback
                0x00000000080011ba        0x2 Drivers/STM32L0xx_HAL_Driver/stm32l0xx_hal_spi.o
                0x00000000080011ba                HAL_SPI_TxRxHalfCpltCallback
 .text.SPI_DMAHalfTransmitReceiveCplt
                0x00000000080011bc        0xa Drivers/STM32L0xx_HAL_Driver/stm32l0xx_hal_spi.o
 .text.SPI_DMAError
                0x00000000080011c6       0x24 Drivers/STM32L0xx_HAL_Driver/stm32l0xx_hal_spi.o
 *fill*         0x00000000080011ea        0x2 
 .text.SPI_DMAReceiveCplt
                0x00000000080011ec       0x9c Drivers/STM32L0xx_HAL_Driver/stm32l0xx_hal_spi.o
 .text.SPI_DMATransmitReceiveCplt
                0x0000000008001288       0xa0 Drivers/STM32L0xx_HAL_Driver/stm32l0xx_hal_spi.o
 .text.HAL_SPI_GetState
                0x0000000008001328        0x8 Drivers/STM32L0xx_HAL_Driver/stm32l0xx_hal_spi.o
                0x0000000008001328                HAL_SPI_GetState
 .text.Reset_Handler
                0x0000000008001330       0x50 Example/SW4STM32/startup_stm32l053xx.o
                0x0000000008001330                Reset_Handler
 .text.Default_Handler
                0x0000000008001380        0x2 Example/SW4STM32/startup_stm32l053xx.o
                0x0000000008001380                TSC_IRQHandler
                0x0000000008001380                ADC1_COMP_IRQHandler
                0x0000000008001380                PVD_IRQHandler
                0x0000000008001380                I2C1_IRQHandler
                0x0000000008001380                RCC_CRS_IRQHandler
                0x0000000008001380                SPI1_IRQHandler
                0x0000000008001380                TIM6_DAC_IRQHandler
                0x0000000008001380                EXTI2_3_IRQHandler
                0x0000000008001380                I2C2_IRQHandler
                0x0000000008001380                RTC_IRQHandler
                0x0000000008001380                LCD_IRQHandler
                0x0000000008001380                EXTI4_15_IRQHandler
                0x0000000008001380                DMA1_Channel1_IRQHandler
                0x0000000008001380                Default_Handler
                0x0000000008001380                TIM22_IRQHandler
                0x0000000008001380                EXTI0_1_IRQHandler
                0x0000000008001380                USB_IRQHandler
                0x0000000008001380                SPI2_IRQHandler
                0x0000000008001380                TIM21_IRQHandler
                0x0000000008001380                WWDG_IRQHandler
                0x0000000008001380                TIM2_IRQHandler
                0x0000000008001380                DMA1_Channel2_3_IRQHandler
                0x0000000008001380                USART2_IRQHandler
                0x0000000008001380                FLASH_IRQHandler
                0x0000000008001380                USART1_IRQHandler
                0x0000000008001380                RNG_LPUART1_IRQHandler
                0x0000000008001380                LPTIM1_IRQHandler
 *fill*         0x0000000008001382        0x2 
 .text.startup.main
                0x0000000008001384      0x124 Example/User/main.o
                0x0000000008001384                main
 .text.HAL_SPI_TxRxCpltCallback
                0x00000000080014a8        0x2 Example/User/main.o
                0x00000000080014a8                HAL_SPI_TxRxCpltCallback
 .text.HAL_SPI_ErrorCallback
                0x00000000080014aa        0x2 Example/User/main.o
                0x00000000080014aa                HAL_SPI_ErrorCallback
 .text.HAL_SPI_MspInit
                0x00000000080014ac      0x124 Example/User/stm32l0xx_hal_msp.o
                0x00000000080014ac                HAL_SPI_MspInit
 .text.NMI_Handler
                0x00000000080015d0        0x2 Example/User/stm32l0xx_it.o
                0x00000000080015d0                NMI_Handler
 .text.HardFault_Handler
                0x00000000080015d2        0x2 Example/User/stm32l0xx_it.o
                0x00000000080015d2                HardFault_Handler
 .text.SVC_Handler
                0x00000000080015d4        0x2 Example/User/stm32l0xx_it.o
                0x00000000080015d4                SVC_Handler
 .text.PendSV_Handler
                0x00000000080015d6        0x2 Example/User/stm32l0xx_it.o
                0x00000000080015d6                PendSV_Handler
 .text.SysTick_Handler
                0x00000000080015d8        0x8 Example/User/stm32l0xx_it.o
                0x00000000080015d8                SysTick_Handler
 .text.DMA1_Channel4_5_6_7_IRQHandler
                0x00000000080015e0       0x18 Example/User/stm32l0xx_it.o
                0x00000000080015e0                DMA1_Channel4_5_6_7_IRQHandler
 .text.__libc_init_array
                0x00000000080015f8       0x48 c:/st/stm32cubeide_1.0.0/stm32cubeide/plugins/com.st.stm32cube.ide.mcu.externaltools.gnu-tools-for-stm32.7-2018-q2-update.win32_1.0.0.201904181610/tools/bin/../lib/gcc/arm-none-eabi/7.3.1/../../../../arm-none-eabi/lib/thumb/v6-m\libc_nano.a(lib_a-init.o)
                0x00000000080015f8                __libc_init_array
 *(.glue_7)
 .glue_7        0x0000000008001640        0x0 linker stubs
 *(.glue_7t)
 .glue_7t       0x0000000008001640        0x0 linker stubs
 *(.eh_frame)
 .eh_frame      0x0000000008001640        0x0 c:/st/stm32cubeide_1.0.0/stm32cubeide/plugins/com.st.stm32cube.ide.mcu.externaltools.gnu-tools-for-stm32.7-2018-q2-update.win32_1.0.0.201904181610/tools/bin/../lib/gcc/arm-none-eabi/7.3.1/thumb/v6-m/crtbegin.o
 *(.init)
 .init          0x0000000008001640        0x4 c:/st/stm32cubeide_1.0.0/stm32cubeide/plugins/com.st.stm32cube.ide.mcu.externaltools.gnu-tools-for-stm32.7-2018-q2-update.win32_1.0.0.201904181610/tools/bin/../lib/gcc/arm-none-eabi/7.3.1/thumb/v6-m/crti.o
                0x0000000008001640                _init
 .init          0x0000000008001644        0x8 c:/st/stm32cubeide_1.0.0/stm32cubeide/plugins/com.st.stm32cube.ide.mcu.externaltools.gnu-tools-for-stm32.7-2018-q2-update.win32_1.0.0.201904181610/tools/bin/../lib/gcc/arm-none-eabi/7.3.1/thumb/v6-m/crtn.o
 *(.fini)
 .fini          0x000000000800164c        0x4 c:/st/stm32cubeide_1.0.0/stm32cubeide/plugins/com.st.stm32cube.ide.mcu.externaltools.gnu-tools-for-stm32.7-2018-q2-update.win32_1.0.0.201904181610/tools/bin/../lib/gcc/arm-none-eabi/7.3.1/thumb/v6-m/crti.o
                0x000000000800164c                _fini
 .fini          0x0000000008001650        0x8 c:/st/stm32cubeide_1.0.0/stm32cubeide/plugins/com.st.stm32cube.ide.mcu.externaltools.gnu-tools-for-stm32.7-2018-q2-update.win32_1.0.0.201904181610/tools/bin/../lib/gcc/arm-none-eabi/7.3.1/thumb/v6-m/crtn.o
                0x0000000008001658                . = ALIGN (0x4)
                0x0000000008001658                _etext = .

.vfp11_veneer   0x0000000008001658        0x0
 .vfp11_veneer  0x0000000008001658        0x0 linker stubs

.v4_bx          0x0000000008001658        0x0
 .v4_bx         0x0000000008001658        0x0 linker stubs

.iplt           0x0000000008001658        0x0
 .iplt          0x0000000008001658        0x0 c:/st/stm32cubeide_1.0.0/stm32cubeide/plugins/com.st.stm32cube.ide.mcu.externaltools.gnu-tools-for-stm32.7-2018-q2-update.win32_1.0.0.201904181610/tools/bin/../lib/gcc/arm-none-eabi/7.3.1/thumb/v6-m/crtbegin.o

.rodata         0x0000000008001658       0x24
                0x0000000008001658                . = ALIGN (0x4)
 *(.rodata)
 .rodata        0x0000000008001658       0x21 Drivers/CMSIS/system_stm32l0xx.o
                0x0000000008001658                PLLMulTable
                0x0000000008001661                AHBPrescTable
                0x0000000008001671                APBPrescTable
 *(.rodata*)
                0x000000000800167c                . = ALIGN (0x4)
 *fill*         0x0000000008001679        0x3 

.rel.dyn        0x000000000800167c        0x0
 .rel.iplt      0x000000000800167c        0x0 c:/st/stm32cubeide_1.0.0/stm32cubeide/plugins/com.st.stm32cube.ide.mcu.externaltools.gnu-tools-for-stm32.7-2018-q2-update.win32_1.0.0.201904181610/tools/bin/../lib/gcc/arm-none-eabi/7.3.1/thumb/v6-m/crtbegin.o

.ARM.extab
 *(.ARM.extab* .gnu.linkonce.armextab.*)

.ARM            0x000000000800167c        0x0
                0x000000000800167c                __exidx_start = .
 *(.ARM.exidx*)
                0x000000000800167c                __exidx_end = .

.preinit_array  0x000000000800167c        0x0
                0x000000000800167c                PROVIDE (__preinit_array_start = .)
 *(.preinit_array*)
                0x000000000800167c                PROVIDE (__preinit_array_end = .)

.init_array     0x000000000800167c        0x4
                0x000000000800167c                PROVIDE (__init_array_start = .)
 *(SORT_BY_NAME(.init_array.*))
 *(.init_array*)
 .init_array    0x000000000800167c        0x4 c:/st/stm32cubeide_1.0.0/stm32cubeide/plugins/com.st.stm32cube.ide.mcu.externaltools.gnu-tools-for-stm32.7-2018-q2-update.win32_1.0.0.201904181610/tools/bin/../lib/gcc/arm-none-eabi/7.3.1/thumb/v6-m/crtbegin.o
                0x0000000008001680                PROVIDE (__init_array_end = .)

.fini_array     0x0000000008001680        0x4
                [!provide]                        PROVIDE (__fini_array_start = .)
 *(SORT_BY_NAME(.fini_array.*))
 *(.fini_array*)
 .fini_array    0x0000000008001680        0x4 c:/st/stm32cubeide_1.0.0/stm32cubeide/plugins/com.st.stm32cube.ide.mcu.externaltools.gnu-tools-for-stm32.7-2018-q2-update.win32_1.0.0.201904181610/tools/bin/../lib/gcc/arm-none-eabi/7.3.1/thumb/v6-m/crtbegin.o
                [!provide]                        PROVIDE (__fini_array_end = .)
                0x0000000008001684                _sidata = LOADADDR (.data)

.data           0x0000000020000000       0x20 load address 0x0000000008001684
                0x0000000020000000                . = ALIGN (0x4)
                0x0000000020000000                _sdata = .
 *(.data)
 .data          0x0000000020000000        0xc Drivers/BSP/STM32L053R8_NUCLEO/stm32l0xx_nucleo.o
                0x0000000020000000                SpixTimeout
                0x0000000020000004                LED_PORT
                0x0000000020000008                BUTTON_PORT
 .data          0x000000002000000c        0x4 Drivers/CMSIS/system_stm32l0xx.o
                0x000000002000000c                SystemCoreClock
 .data          0x0000000020000010        0xe Example/User/main.o
                0x0000000020000010                aTxBuffer
                0x0000000020000017                aCompareBuffer
 *(.data*)
                0x0000000020000020                . = ALIGN (0x4)
 *fill*         0x000000002000001e        0x2 
                0x0000000020000020                _edata = .

.igot.plt       0x0000000020000020        0x0 load address 0x00000000080016a4
 .igot.plt      0x0000000020000020        0x0 c:/st/stm32cubeide_1.0.0/stm32cubeide/plugins/com.st.stm32cube.ide.mcu.externaltools.gnu-tools-for-stm32.7-2018-q2-update.win32_1.0.0.201904181610/tools/bin/../lib/gcc/arm-none-eabi/7.3.1/thumb/v6-m/crtbegin.o
                0x0000000020000020                . = ALIGN (0x4)

.bss            0x0000000020000020      0x1a0 load address 0x00000000080016a4
                0x0000000020000020                _sbss = .
                0x0000000020000020                __bss_start__ = _sbss
 *(.bss)
 .bss           0x0000000020000020       0x1c c:/st/stm32cubeide_1.0.0/stm32cubeide/plugins/com.st.stm32cube.ide.mcu.externaltools.gnu-tools-for-stm32.7-2018-q2-update.win32_1.0.0.201904181610/tools/bin/../lib/gcc/arm-none-eabi/7.3.1/thumb/v6-m/crtbegin.o
 .bss           0x000000002000003c      0x120 Example/User/stm32l0xx_hal_msp.o
 *(.bss*)
 *(COMMON)
 COMMON         0x000000002000015c        0x4 Drivers/STM32L0xx_HAL_Driver/stm32l0xx_hal.o
                0x000000002000015c                uwTick
 COMMON         0x0000000020000160       0x5e Example/User/main.o
                0x0000000020000160                SpiHandle
                0x00000000200001b8                aRxBuffer
                0x00000000200001c0                . = ALIGN (0x4)
 *fill*         0x00000000200001be        0x2 
                0x00000000200001c0                _ebss = .
                0x00000000200001c0                __bss_end__ = _ebss

._user_heap_stack
                0x00000000200001c0      0x600 load address 0x00000000080016a4
                0x00000000200001c0                . = ALIGN (0x4)
                [!provide]                        PROVIDE (end = .)
                [!provide]                        PROVIDE (_end = .)
                0x00000000200003c0                . = (. + _Min_Heap_Size)
 *fill*         0x00000000200001c0      0x200 
                0x00000000200007c0                . = (. + _Min_Stack_Size)
 *fill*         0x00000000200003c0      0x400 
                0x00000000200007c0                . = ALIGN (0x4)

/DISCARD/
 libc.a(*)
 libm.a(*)
 libgcc.a(*)

.ARM.attributes
                0x0000000000000000       0x28
 *(.ARM.attributes)
 .ARM.attributes
                0x0000000000000000       0x1e c:/st/stm32cubeide_1.0.0/stm32cubeide/plugins/com.st.stm32cube.ide.mcu.externaltools.gnu-tools-for-stm32.7-2018-q2-update.win32_1.0.0.201904181610/tools/bin/../lib/gcc/arm-none-eabi/7.3.1/thumb/v6-m/crti.o
 .ARM.attributes
                0x000000000000001e       0x2c c:/st/stm32cubeide_1.0.0/stm32cubeide/plugins/com.st.stm32cube.ide.mcu.externaltools.gnu-tools-for-stm32.7-2018-q2-update.win32_1.0.0.201904181610/tools/bin/../lib/gcc/arm-none-eabi/7.3.1/thumb/v6-m/crtbegin.o
 .ARM.attributes
                0x000000000000004a       0x32 Drivers/BSP/STM32L053R8_NUCLEO/stm32l0xx_nucleo.o
 .ARM.attributes
                0x000000000000007c       0x32 Drivers/CMSIS/system_stm32l0xx.o
 .ARM.attributes
                0x00000000000000ae       0x32 Drivers/STM32L0xx_HAL_Driver/stm32l0xx_hal.o
 .ARM.attributes
                0x00000000000000e0       0x32 Drivers/STM32L0xx_HAL_Driver/stm32l0xx_hal_cortex.o
 .ARM.attributes
                0x0000000000000112       0x32 Drivers/STM32L0xx_HAL_Driver/stm32l0xx_hal_dma.o
 .ARM.attributes
                0x0000000000000144       0x32 Drivers/STM32L0xx_HAL_Driver/stm32l0xx_hal_gpio.o
 .ARM.attributes
                0x0000000000000176       0x32 Drivers/STM32L0xx_HAL_Driver/stm32l0xx_hal_rcc.o
 .ARM.attributes
                0x00000000000001a8       0x32 Drivers/STM32L0xx_HAL_Driver/stm32l0xx_hal_spi.o
 .ARM.attributes
                0x00000000000001da       0x22 Example/SW4STM32/startup_stm32l053xx.o
 .ARM.attributes
                0x00000000000001fc       0x32 Example/User/main.o
 .ARM.attributes
                0x000000000000022e       0x32 Example/User/stm32l0xx_hal_msp.o
 .ARM.attributes
                0x0000000000000260       0x32 Example/User/stm32l0xx_it.o
 .ARM.attributes
                0x0000000000000292       0x2c c:/st/stm32cubeide_1.0.0/stm32cubeide/plugins/com.st.stm32cube.ide.mcu.externaltools.gnu-tools-for-stm32.7-2018-q2-update.win32_1.0.0.201904181610/tools/bin/../lib/gcc/arm-none-eabi/7.3.1/../../../../arm-none-eabi/lib/thumb/v6-m\libc_nano.a(lib_a-init.o)
 .ARM.attributes
                0x00000000000002be       0x1e c:/st/stm32cubeide_1.0.0/stm32cubeide/plugins/com.st.stm32cube.ide.mcu.externaltools.gnu-tools-for-stm32.7-2018-q2-update.win32_1.0.0.201904181610/tools/bin/../lib/gcc/arm-none-eabi/7.3.1/thumb/v6-m\libgcc.a(_udivsi3.o)
 .ARM.attributes
                0x00000000000002dc       0x1e c:/st/stm32cubeide_1.0.0/stm32cubeide/plugins/com.st.stm32cube.ide.mcu.externaltools.gnu-tools-for-stm32.7-2018-q2-update.win32_1.0.0.201904181610/tools/bin/../lib/gcc/arm-none-eabi/7.3.1/thumb/v6-m\libgcc.a(_dvmd_tls.o)
 .ARM.attributes
                0x00000000000002fa       0x1e c:/st/stm32cubeide_1.0.0/stm32cubeide/plugins/com.st.stm32cube.ide.mcu.externaltools.gnu-tools-for-stm32.7-2018-q2-update.win32_1.0.0.201904181610/tools/bin/../lib/gcc/arm-none-eabi/7.3.1/thumb/v6-m/crtn.o
OUTPUT(STM32L053R8_NUCLEO.elf elf32-littlearm)

.debug_info     0x0000000000000000     0x8988
 .debug_info    0x0000000000000000     0x1cb4 Drivers/BSP/STM32L053R8_NUCLEO/stm32l0xx_nucleo.o
 .debug_info    0x0000000000001cb4      0x395 Drivers/CMSIS/system_stm32l0xx.o
 .debug_info    0x0000000000002049      0x868 Drivers/STM32L0xx_HAL_Driver/stm32l0xx_hal.o
 .debug_info    0x00000000000028b1      0x9bb Drivers/STM32L0xx_HAL_Driver/stm32l0xx_hal_cortex.o
 .debug_info    0x000000000000326c      0x815 Drivers/STM32L0xx_HAL_Driver/stm32l0xx_hal_dma.o
 .debug_info    0x0000000000003a81      0x6d2 Drivers/STM32L0xx_HAL_Driver/stm32l0xx_hal_gpio.o
 .debug_info    0x0000000000004153      0xc0b Drivers/STM32L0xx_HAL_Driver/stm32l0xx_hal_rcc.o
 .debug_info    0x0000000000004d5e     0x1e90 Drivers/STM32L0xx_HAL_Driver/stm32l0xx_hal_spi.o
 .debug_info    0x0000000000006bee       0x22 Example/SW4STM32/startup_stm32l053xx.o
 .debug_info    0x0000000000006c10      0xbc3 Example/User/main.o
 .debug_info    0x00000000000077d3      0xb66 Example/User/stm32l0xx_hal_msp.o
 .debug_info    0x0000000000008339      0x64f Example/User/stm32l0xx_it.o

.debug_abbrev   0x0000000000000000     0x19b8
 .debug_abbrev  0x0000000000000000      0x3ce Drivers/BSP/STM32L053R8_NUCLEO/stm32l0xx_nucleo.o
 .debug_abbrev  0x00000000000003ce      0x111 Drivers/CMSIS/system_stm32l0xx.o
 .debug_abbrev  0x00000000000004df      0x293 Drivers/STM32L0xx_HAL_Driver/stm32l0xx_hal.o
 .debug_abbrev  0x0000000000000772      0x26f Drivers/STM32L0xx_HAL_Driver/stm32l0xx_hal_cortex.o
 .debug_abbrev  0x00000000000009e1      0x203 Drivers/STM32L0xx_HAL_Driver/stm32l0xx_hal_dma.o
 .debug_abbrev  0x0000000000000be4      0x1cf Drivers/STM32L0xx_HAL_Driver/stm32l0xx_hal_gpio.o
 .debug_abbrev  0x0000000000000db3      0x2c9 Drivers/STM32L0xx_HAL_Driver/stm32l0xx_hal_rcc.o
 .debug_abbrev  0x000000000000107c      0x34a Drivers/STM32L0xx_HAL_Driver/stm32l0xx_hal_spi.o
 .debug_abbrev  0x00000000000013c6       0x12 Example/SW4STM32/startup_stm32l053xx.o
 .debug_abbrev  0x00000000000013d8      0x282 Example/User/main.o
 .debug_abbrev  0x000000000000165a      0x1b8 Example/User/stm32l0xx_hal_msp.o
 .debug_abbrev  0x0000000000001812      0x1a6 Example/User/stm32l0xx_it.o

.debug_loc      0x0000000000000000     0x36e4
 .debug_loc     0x0000000000000000      0x604 Drivers/BSP/STM32L053R8_NUCLEO/stm32l0xx_nucleo.o
 .debug_loc     0x0000000000000604      0x15b Drivers/CMSIS/system_stm32l0xx.o
 .debug_loc     0x000000000000075f      0x13d Drivers/STM32L0xx_HAL_Driver/stm32l0xx_hal.o
 .debug_loc     0x000000000000089c      0x3cb Drivers/STM32L0xx_HAL_Driver/stm32l0xx_hal_cortex.o
 .debug_loc     0x0000000000000c67      0x7d6 Drivers/STM32L0xx_HAL_Driver/stm32l0xx_hal_dma.o
 .debug_loc     0x000000000000143d      0x2e9 Drivers/STM32L0xx_HAL_Driver/stm32l0xx_hal_gpio.o
 .debug_loc     0x0000000000001726      0x561 Drivers/STM32L0xx_HAL_Driver/stm32l0xx_hal_rcc.o
 .debug_loc     0x0000000000001c87     0x1965 Drivers/STM32L0xx_HAL_Driver/stm32l0xx_hal_spi.o
 .debug_loc     0x00000000000035ec       0xab Example/User/main.o
 .debug_loc     0x0000000000003697       0x4d Example/User/stm32l0xx_hal_msp.o

.debug_aranges  0x0000000000000000      0x648
 .debug_aranges
                0x0000000000000000       0xf0 Drivers/BSP/STM32L053R8_NUCLEO/stm32l0xx_nucleo.o
 .debug_aranges
                0x00000000000000f0       0x28 Drivers/CMSIS/system_stm32l0xx.o
 .debug_aranges
                0x0000000000000118       0xf0 Drivers/STM32L0xx_HAL_Driver/stm32l0xx_hal.o
 .debug_aranges
                0x0000000000000208       0x90 Drivers/STM32L0xx_HAL_Driver/stm32l0xx_hal_cortex.o
 .debug_aranges
                0x0000000000000298       0x78 Drivers/STM32L0xx_HAL_Driver/stm32l0xx_hal_dma.o
 .debug_aranges
                0x0000000000000310       0x58 Drivers/STM32L0xx_HAL_Driver/stm32l0xx_hal_gpio.o
 .debug_aranges
                0x0000000000000368       0x80 Drivers/STM32L0xx_HAL_Driver/stm32l0xx_hal_rcc.o
 .debug_aranges
                0x00000000000003e8      0x1a8 Drivers/STM32L0xx_HAL_Driver/stm32l0xx_hal_spi.o
 .debug_aranges
                0x0000000000000590       0x28 Example/SW4STM32/startup_stm32l053xx.o
 .debug_aranges
                0x00000000000005b8       0x30 Example/User/main.o
 .debug_aranges
                0x00000000000005e8       0x28 Example/User/stm32l0xx_hal_msp.o
 .debug_aranges
                0x0000000000000610       0x38 Example/User/stm32l0xx_it.o

.debug_ranges   0x0000000000000000      0x9d0
 .debug_ranges  0x0000000000000000      0x250 Drivers/BSP/STM32L053R8_NUCLEO/stm32l0xx_nucleo.o
 .debug_ranges  0x0000000000000250       0x18 Drivers/CMSIS/system_stm32l0xx.o
 .debug_ranges  0x0000000000000268       0xe0 Drivers/STM32L0xx_HAL_Driver/stm32l0xx_hal.o
 .debug_ranges  0x0000000000000348      0x138 Drivers/STM32L0xx_HAL_Driver/stm32l0xx_hal_cortex.o
 .debug_ranges  0x0000000000000480       0xa8 Drivers/STM32L0xx_HAL_Driver/stm32l0xx_hal_dma.o
 .debug_ranges  0x0000000000000528       0x48 Drivers/STM32L0xx_HAL_Driver/stm32l0xx_hal_gpio.o
 .debug_ranges  0x0000000000000570       0xb8 Drivers/STM32L0xx_HAL_Driver/stm32l0xx_hal_rcc.o
 .debug_ranges  0x0000000000000628      0x290 Drivers/STM32L0xx_HAL_Driver/stm32l0xx_hal_spi.o
 .debug_ranges  0x00000000000008b8       0x20 Example/SW4STM32/startup_stm32l053xx.o
 .debug_ranges  0x00000000000008d8       0x38 Example/User/main.o
 .debug_ranges  0x0000000000000910       0x98 Example/User/stm32l0xx_hal_msp.o
 .debug_ranges  0x00000000000009a8       0x28 Example/User/stm32l0xx_it.o

.debug_macro    0x0000000000000000    0x12597
 .debug_macro   0x0000000000000000      0x1ce Drivers/BSP/STM32L053R8_NUCLEO/stm32l0xx_nucleo.o
 .debug_macro   0x00000000000001ce      0xa4e Drivers/BSP/STM32L053R8_NUCLEO/stm32l0xx_nucleo.o
 .debug_macro   0x0000000000000c1c       0xa3 Drivers/BSP/STM32L053R8_NUCLEO/stm32l0xx_nucleo.o
 .debug_macro   0x0000000000000cbf       0x2e Drivers/BSP/STM32L053R8_NUCLEO/stm32l0xx_nucleo.o
 .debug_macro   0x0000000000000ced       0x28 Drivers/BSP/STM32L053R8_NUCLEO/stm32l0xx_nucleo.o
 .debug_macro   0x0000000000000d15       0x22 Drivers/BSP/STM32L053R8_NUCLEO/stm32l0xx_nucleo.o
 .debug_macro   0x0000000000000d37       0x8e Drivers/BSP/STM32L053R8_NUCLEO/stm32l0xx_nucleo.o
 .debug_macro   0x0000000000000dc5       0x51 Drivers/BSP/STM32L053R8_NUCLEO/stm32l0xx_nucleo.o
 .debug_macro   0x0000000000000e16       0xef Drivers/BSP/STM32L053R8_NUCLEO/stm32l0xx_nucleo.o
 .debug_macro   0x0000000000000f05       0x6a Drivers/BSP/STM32L053R8_NUCLEO/stm32l0xx_nucleo.o
 .debug_macro   0x0000000000000f6f      0x1df Drivers/BSP/STM32L053R8_NUCLEO/stm32l0xx_nucleo.o
 .debug_macro   0x000000000000114e       0x34 Drivers/BSP/STM32L053R8_NUCLEO/stm32l0xx_nucleo.o
 .debug_macro   0x0000000000001182       0x26 Drivers/BSP/STM32L053R8_NUCLEO/stm32l0xx_nucleo.o
 .debug_macro   0x00000000000011a8      0x44f Drivers/BSP/STM32L053R8_NUCLEO/stm32l0xx_nucleo.o
 .debug_macro   0x00000000000015f7     0x9d0d Drivers/BSP/STM32L053R8_NUCLEO/stm32l0xx_nucleo.o
 .debug_macro   0x000000000000b304       0x3c Drivers/BSP/STM32L053R8_NUCLEO/stm32l0xx_nucleo.o
 .debug_macro   0x000000000000b340     0x352c Drivers/BSP/STM32L053R8_NUCLEO/stm32l0xx_nucleo.o
 .debug_macro   0x000000000000e86c      0x174 Drivers/BSP/STM32L053R8_NUCLEO/stm32l0xx_nucleo.o
 .debug_macro   0x000000000000e9e0       0x5b Drivers/BSP/STM32L053R8_NUCLEO/stm32l0xx_nucleo.o
 .debug_macro   0x000000000000ea3b      0x8d6 Drivers/BSP/STM32L053R8_NUCLEO/stm32l0xx_nucleo.o
 .debug_macro   0x000000000000f311      0x9d2 Drivers/BSP/STM32L053R8_NUCLEO/stm32l0xx_nucleo.o
 .debug_macro   0x000000000000fce3      0x13f Drivers/BSP/STM32L053R8_NUCLEO/stm32l0xx_nucleo.o
 .debug_macro   0x000000000000fe22      0x17d Drivers/BSP/STM32L053R8_NUCLEO/stm32l0xx_nucleo.o
 .debug_macro   0x000000000000ff9f      0x28e Drivers/BSP/STM32L053R8_NUCLEO/stm32l0xx_nucleo.o
 .debug_macro   0x000000000001022d      0x1e9 Drivers/BSP/STM32L053R8_NUCLEO/stm32l0xx_nucleo.o
 .debug_macro   0x0000000000010416      0x4ef Drivers/BSP/STM32L053R8_NUCLEO/stm32l0xx_nucleo.o
 .debug_macro   0x0000000000010905       0x65 Drivers/BSP/STM32L053R8_NUCLEO/stm32l0xx_nucleo.o
 .debug_macro   0x000000000001096a      0x129 Drivers/BSP/STM32L053R8_NUCLEO/stm32l0xx_nucleo.o
 .debug_macro   0x0000000000010a93      0x2b4 Drivers/BSP/STM32L053R8_NUCLEO/stm32l0xx_nucleo.o
 .debug_macro   0x0000000000010d47      0x187 Drivers/BSP/STM32L053R8_NUCLEO/stm32l0xx_nucleo.o
 .debug_macro   0x0000000000010ece       0x16 Drivers/BSP/STM32L053R8_NUCLEO/stm32l0xx_nucleo.o
 .debug_macro   0x0000000000010ee4      0x22c Drivers/BSP/STM32L053R8_NUCLEO/stm32l0xx_nucleo.o
 .debug_macro   0x0000000000011110      0x163 Drivers/BSP/STM32L053R8_NUCLEO/stm32l0xx_nucleo.o
 .debug_macro   0x0000000000011273      0x190 Drivers/BSP/STM32L053R8_NUCLEO/stm32l0xx_nucleo.o
 .debug_macro   0x0000000000011403      0x19b Drivers/CMSIS/system_stm32l0xx.o
 .debug_macro   0x000000000001159e      0x1b9 Drivers/STM32L0xx_HAL_Driver/stm32l0xx_hal.o
 .debug_macro   0x0000000000011757      0x195 Drivers/STM32L0xx_HAL_Driver/stm32l0xx_hal_cortex.o
 .debug_macro   0x00000000000118ec      0x195 Drivers/STM32L0xx_HAL_Driver/stm32l0xx_hal_dma.o
 .debug_macro   0x0000000000011a81      0x1cd Drivers/STM32L0xx_HAL_Driver/stm32l0xx_hal_gpio.o
 .debug_macro   0x0000000000011c4e      0x1b9 Drivers/STM32L0xx_HAL_Driver/stm32l0xx_hal_rcc.o
 .debug_macro   0x0000000000011e07      0x19d Drivers/STM32L0xx_HAL_Driver/stm32l0xx_hal_spi.o
 .debug_macro   0x0000000000011fa4      0x1b9 Example/User/main.o
 .debug_macro   0x000000000001215d       0xca Example/User/main.o
 .debug_macro   0x0000000000012227      0x1b3 Example/User/stm32l0xx_hal_msp.o
 .debug_macro   0x00000000000123da      0x1bd Example/User/stm32l0xx_it.o

.debug_line     0x0000000000000000     0x6ce1
 .debug_line    0x0000000000000000      0xabe Drivers/BSP/STM32L053R8_NUCLEO/stm32l0xx_nucleo.o
 .debug_line    0x0000000000000abe      0x779 Drivers/CMSIS/system_stm32l0xx.o
 .debug_line    0x0000000000001237      0x937 Drivers/STM32L0xx_HAL_Driver/stm32l0xx_hal.o
 .debug_line    0x0000000000001b6e      0x918 Drivers/STM32L0xx_HAL_Driver/stm32l0xx_hal_cortex.o
 .debug_line    0x0000000000002486      0x9bc Drivers/STM32L0xx_HAL_Driver/stm32l0xx_hal_dma.o
 .debug_line    0x0000000000002e42      0x8a6 Drivers/STM32L0xx_HAL_Driver/stm32l0xx_hal_gpio.o
 .debug_line    0x00000000000036e8      0xa8a Drivers/STM32L0xx_HAL_Driver/stm32l0xx_hal_rcc.o
 .debug_line    0x0000000000004172     0x1296 Drivers/STM32L0xx_HAL_Driver/stm32l0xx_hal_spi.o
 .debug_line    0x0000000000005408       0xef Example/SW4STM32/startup_stm32l053xx.o
 .debug_line    0x00000000000054f7      0x7f6 Example/User/main.o
 .debug_line    0x0000000000005ced      0x82c Example/User/stm32l0xx_hal_msp.o
 .debug_line    0x0000000000006519      0x7c8 Example/User/stm32l0xx_it.o

.debug_str      0x0000000000000000    0x7221d
 .debug_str     0x0000000000000000    0x70468 Drivers/BSP/STM32L053R8_NUCLEO/stm32l0xx_nucleo.o
                                      0x70871 (size before relaxing)
 .debug_str     0x0000000000070468      0x102 Drivers/CMSIS/system_stm32l0xx.o
                                      0x6eec1 (size before relaxing)
 .debug_str     0x000000000007056a      0x410 Drivers/STM32L0xx_HAL_Driver/stm32l0xx_hal.o
                                      0x6f4b3 (size before relaxing)
 .debug_str     0x000000000007097a      0x27f Drivers/STM32L0xx_HAL_Driver/stm32l0xx_hal_cortex.o
                                      0x6f2ce (size before relaxing)
 .debug_str     0x0000000000070bf9      0x297 Drivers/STM32L0xx_HAL_Driver/stm32l0xx_hal_dma.o
                                      0x6f205 (size before relaxing)
 .debug_str     0x0000000000070e90      0x21f Drivers/STM32L0xx_HAL_Driver/stm32l0xx_hal_gpio.o
                                      0x6f13c (size before relaxing)
 .debug_str     0x00000000000710af      0x3f4 Drivers/STM32L0xx_HAL_Driver/stm32l0xx_hal_rcc.o
                                      0x6f338 (size before relaxing)
 .debug_str     0x00000000000714a3      0x58c Drivers/STM32L0xx_HAL_Driver/stm32l0xx_hal_spi.o
                                      0x6f77b (size before relaxing)
 .debug_str     0x0000000000071a2f       0x9b Example/SW4STM32/startup_stm32l053xx.o
                                        0x12b (size before relaxing)
 .debug_str     0x0000000000071aca      0x5d1 Example/User/main.o
                                      0x7050c (size before relaxing)
 .debug_str     0x000000000007209b       0xa6 Example/User/stm32l0xx_hal_msp.o
                                      0x70499 (size before relaxing)
 .debug_str     0x0000000000072141       0xdc Example/User/stm32l0xx_it.o
                                      0x701ec (size before relaxing)

.comment        0x0000000000000000       0x7b
 .comment       0x0000000000000000       0x7b Drivers/BSP/STM32L053R8_NUCLEO/stm32l0xx_nucleo.o
                                         0x7c (size before relaxing)
 .comment       0x000000000000007b       0x7c Drivers/CMSIS/system_stm32l0xx.o
 .comment       0x000000000000007b       0x7c Drivers/STM32L0xx_HAL_Driver/stm32l0xx_hal.o
 .comment       0x000000000000007b       0x7c Drivers/STM32L0xx_HAL_Driver/stm32l0xx_hal_cortex.o
 .comment       0x000000000000007b       0x7c Drivers/STM32L0xx_HAL_Driver/stm32l0xx_hal_dma.o
 .comment       0x000000000000007b       0x7c Drivers/STM32L0xx_HAL_Driver/stm32l0xx_hal_gpio.o
 .comment       0x000000000000007b       0x7c Drivers/STM32L0xx_HAL_Driver/stm32l0xx_hal_rcc.o
 .comment       0x000000000000007b       0x7c Drivers/STM32L0xx_HAL_Driver/stm32l0xx_hal_spi.o
 .comment       0x000000000000007b       0x7c Example/User/main.o
 .comment       0x000000000000007b       0x7c Example/User/stm32l0xx_hal_msp.o
 .comment       0x000000000000007b       0x7c Example/User/stm32l0xx_it.o

.debug_frame    0x0000000000000000     0x10dc
 .debug_frame   0x0000000000000000      0x2dc Drivers/BSP/STM32L053R8_NUCLEO/stm32l0xx_nucleo.o
 .debug_frame   0x00000000000002dc       0x3c Drivers/CMSIS/system_stm32l0xx.o
 .debug_frame   0x0000000000000318      0x1f8 Drivers/STM32L0xx_HAL_Driver/stm32l0xx_hal.o
 .debug_frame   0x0000000000000510      0x11c Drivers/STM32L0xx_HAL_Driver/stm32l0xx_hal_cortex.o
 .debug_frame   0x000000000000062c      0x164 Drivers/STM32L0xx_HAL_Driver/stm32l0xx_hal_dma.o
 .debug_frame   0x0000000000000790       0xbc Drivers/STM32L0xx_HAL_Driver/stm32l0xx_hal_gpio.o
 .debug_frame   0x000000000000084c      0x148 Drivers/STM32L0xx_HAL_Driver/stm32l0xx_hal_rcc.o
 .debug_frame   0x0000000000000994      0x5e0 Drivers/STM32L0xx_HAL_Driver/stm32l0xx_hal_spi.o
 .debug_frame   0x0000000000000f74       0x50 Example/User/main.o
 .debug_frame   0x0000000000000fc4       0x4c Example/User/stm32l0xx_hal_msp.o
 .debug_frame   0x0000000000001010       0x80 Example/User/stm32l0xx_it.o
 .debug_frame   0x0000000000001090       0x2c c:/st/stm32cubeide_1.0.0/stm32cubeide/plugins/com.st.stm32cube.ide.mcu.externaltools.gnu-tools-for-stm32.7-2018-q2-update.win32_1.0.0.201904181610/tools/bin/../lib/gcc/arm-none-eabi/7.3.1/../../../../arm-none-eabi/lib/thumb/v6-m\libc_nano.a(lib_a-init.o)
 .debug_frame   0x00000000000010bc       0x20 c:/st/stm32cubeide_1.0.0/stm32cubeide/plugins/com.st.stm32cube.ide.mcu.externaltools.gnu-tools-for-stm32.7-2018-q2-update.win32_1.0.0.201904181610/tools/bin/../lib/gcc/arm-none-eabi/7.3.1/thumb/v6-m\libgcc.a(_udivsi3.o)
