Archive member included to satisfy reference by file (symbol)

c:/st/stm32cubeide_1.0.0/stm32cubeide/plugins/com.st.stm32cube.ide.mcu.externaltools.gnu-tools-for-stm32.7-2018-q2-update.win32_1.0.0.201904181610/tools/bin/../lib/gcc/arm-none-eabi/7.3.1/../../../../arm-none-eabi/lib/thumb/v6-m\libc_nano.a(lib_a-exit.o)
                              c:/st/stm32cubeide_1.0.0/stm32cubeide/plugins/com.st.stm32cube.ide.mcu.externaltools.gnu-tools-for-stm32.7-2018-q2-update.win32_1.0.0.201904181610/tools/bin/../lib/gcc/arm-none-eabi/7.3.1/../../../../arm-none-eabi/lib/thumb/v6-m/crt0.o (exit)
c:/st/stm32cubeide_1.0.0/stm32cubeide/plugins/com.st.stm32cube.ide.mcu.externaltools.gnu-tools-for-stm32.7-2018-q2-update.win32_1.0.0.201904181610/tools/bin/../lib/gcc/arm-none-eabi/7.3.1/../../../../arm-none-eabi/lib/thumb/v6-m\libc_nano.a(lib_a-impure.o)
                              c:/st/stm32cubeide_1.0.0/stm32cubeide/plugins/com.st.stm32cube.ide.mcu.externaltools.gnu-tools-for-stm32.7-2018-q2-update.win32_1.0.0.201904181610/tools/bin/../lib/gcc/arm-none-eabi/7.3.1/../../../../arm-none-eabi/lib/thumb/v6-m\libc_nano.a(lib_a-exit.o) (_global_impure_ptr)
c:/st/stm32cubeide_1.0.0/stm32cubeide/plugins/com.st.stm32cube.ide.mcu.externaltools.gnu-tools-for-stm32.7-2018-q2-update.win32_1.0.0.201904181610/tools/bin/../lib/gcc/arm-none-eabi/7.3.1/../../../../arm-none-eabi/lib/thumb/v6-m\libc_nano.a(lib_a-init.o)
                              c:/st/stm32cubeide_1.0.0/stm32cubeide/plugins/com.st.stm32cube.ide.mcu.externaltools.gnu-tools-for-stm32.7-2018-q2-update.win32_1.0.0.201904181610/tools/bin/../lib/gcc/arm-none-eabi/7.3.1/../../../../arm-none-eabi/lib/thumb/v6-m/crt0.o (__libc_init_array)
c:/st/stm32cubeide_1.0.0/stm32cubeide/plugins/com.st.stm32cube.ide.mcu.externaltools.gnu-tools-for-stm32.7-2018-q2-update.win32_1.0.0.201904181610/tools/bin/../lib/gcc/arm-none-eabi/7.3.1/../../../../arm-none-eabi/lib/thumb/v6-m\libc_nano.a(lib_a-memset.o)
                              c:/st/stm32cubeide_1.0.0/stm32cubeide/plugins/com.st.stm32cube.ide.mcu.externaltools.gnu-tools-for-stm32.7-2018-q2-update.win32_1.0.0.201904181610/tools/bin/../lib/gcc/arm-none-eabi/7.3.1/../../../../arm-none-eabi/lib/thumb/v6-m/crt0.o (memset)
c:/st/stm32cubeide_1.0.0/stm32cubeide/plugins/com.st.stm32cube.ide.mcu.externaltools.gnu-tools-for-stm32.7-2018-q2-update.win32_1.0.0.201904181610/tools/bin/../lib/gcc/arm-none-eabi/7.3.1/thumb/v6-m\libgcc.a(_thumb1_case_uqi.o)
                              Drivers/STM32L0xx_HAL_Driver/stm32l0xx_hal_dma.o (__gnu_thumb1_case_uqi)
c:/st/stm32cubeide_1.0.0/stm32cubeide/plugins/com.st.stm32cube.ide.mcu.externaltools.gnu-tools-for-stm32.7-2018-q2-update.win32_1.0.0.201904181610/tools/bin/../lib/gcc/arm-none-eabi/7.3.1/thumb/v6-m\libgcc.a(_udivsi3.o)
                              Drivers/CMSIS/system_stm32l0xx.o (__aeabi_uidiv)
c:/st/stm32cubeide_1.0.0/stm32cubeide/plugins/com.st.stm32cube.ide.mcu.externaltools.gnu-tools-for-stm32.7-2018-q2-update.win32_1.0.0.201904181610/tools/bin/../lib/gcc/arm-none-eabi/7.3.1/thumb/v6-m\libgcc.a(_divsi3.o)
                              Drivers/CMSIS/system_stm32l0xx.o (__aeabi_idiv)
c:/st/stm32cubeide_1.0.0/stm32cubeide/plugins/com.st.stm32cube.ide.mcu.externaltools.gnu-tools-for-stm32.7-2018-q2-update.win32_1.0.0.201904181610/tools/bin/../lib/gcc/arm-none-eabi/7.3.1/thumb/v6-m\libgcc.a(_dvmd_tls.o)
                              c:/st/stm32cubeide_1.0.0/stm32cubeide/plugins/com.st.stm32cube.ide.mcu.externaltools.gnu-tools-for-stm32.7-2018-q2-update.win32_1.0.0.201904181610/tools/bin/../lib/gcc/arm-none-eabi/7.3.1/thumb/v6-m\libgcc.a(_udivsi3.o) (__aeabi_idiv0)
c:/st/stm32cubeide_1.0.0/stm32cubeide/plugins/com.st.stm32cube.ide.mcu.externaltools.gnu-tools-for-stm32.7-2018-q2-update.win32_1.0.0.201904181610/tools/bin/../lib/gcc/arm-none-eabi/7.3.1/thumb/v6-m\libgcc.a(_aeabi_ldivmod.o)
                              Drivers/STM32L0xx_HAL_Driver/stm32l0xx_hal_uart.o (__aeabi_ldivmod)
c:/st/stm32cubeide_1.0.0/stm32cubeide/plugins/com.st.stm32cube.ide.mcu.externaltools.gnu-tools-for-stm32.7-2018-q2-update.win32_1.0.0.201904181610/tools/bin/../lib/gcc/arm-none-eabi/7.3.1/thumb/v6-m\libgcc.a(_aeabi_uldivmod.o)
                              Drivers/STM32L0xx_HAL_Driver/stm32l0xx_hal_uart.o (__aeabi_uldivmod)
c:/st/stm32cubeide_1.0.0/stm32cubeide/plugins/com.st.stm32cube.ide.mcu.externaltools.gnu-tools-for-stm32.7-2018-q2-update.win32_1.0.0.201904181610/tools/bin/../lib/gcc/arm-none-eabi/7.3.1/thumb/v6-m\libgcc.a(_udivmoddi4.o)
                              c:/st/stm32cubeide_1.0.0/stm32cubeide/plugins/com.st.stm32cube.ide.mcu.externaltools.gnu-tools-for-stm32.7-2018-q2-update.win32_1.0.0.201904181610/tools/bin/../lib/gcc/arm-none-eabi/7.3.1/thumb/v6-m\libgcc.a(_aeabi_uldivmod.o) (__udivmoddi4)
[...]
Memory Configuration

Name             Origin             Length             Attributes
RAM              0x0000000020000000 0x0000000000005000 xrw
FLASH            0x0000000008000000 0x0000000000030000 xr
*default*        0x0000000000000000 0xffffffffffffffff

Linker script and memory map

LOAD c:/st/stm32cubeide_1.0.0/stm32cubeide/plugins/com.st.stm32cube.ide.mcu.externaltools.gnu-tools-for-stm32.7-2018-q2-update.win32_1.0.0.201904181610/tools/bin/../lib/gcc/arm-none-eabi/7.3.1/thumb/v6-m/crti.o
LOAD c:/st/stm32cubeide_1.0.0/stm32cubeide/plugins/com.st.stm32cube.ide.mcu.externaltools.gnu-tools-for-stm32.7-2018-q2-update.win32_1.0.0.201904181610/tools/bin/../lib/gcc/arm-none-eabi/7.3.1/thumb/v6-m/crtbegin.o
LOAD c:/st/stm32cubeide_1.0.0/stm32cubeide/plugins/com.st.stm32cube.ide.mcu.externaltools.gnu-tools-for-stm32.7-2018-q2-update.win32_1.0.0.201904181610/tools/bin/../lib/gcc/arm-none-eabi/7.3.1/../../../../arm-none-eabi/lib/thumb/v6-m/crt0.o
LOAD Drivers/BSP/STM32L0xx_Nucleo/stm32l0xx_nucleo.o
LOAD Drivers/CMSIS/system_stm32l0xx.o
LOAD Drivers/STM32L0xx_HAL_Driver/stm32l0xx_hal.o
LOAD Drivers/STM32L0xx_HAL_Driver/stm32l0xx_hal_cortex.o
LOAD Drivers/STM32L0xx_HAL_Driver/stm32l0xx_hal_dma.o
LOAD Drivers/STM32L0xx_HAL_Driver/stm32l0xx_hal_gpio.o
LOAD Drivers/STM32L0xx_HAL_Driver/stm32l0xx_hal_pwr.o
LOAD Drivers/STM32L0xx_HAL_Driver/stm32l0xx_hal_pwr_ex.o
LOAD Drivers/STM32L0xx_HAL_Driver/stm32l0xx_hal_rcc.o
LOAD Drivers/STM32L0xx_HAL_Driver/stm32l0xx_hal_rcc_ex.o
LOAD Drivers/STM32L0xx_HAL_Driver/stm32l0xx_hal_spi.o
LOAD Drivers/STM32L0xx_HAL_Driver/stm32l0xx_hal_uart.o
LOAD Drivers/STM32L0xx_HAL_Driver/stm32l0xx_hal_uart_ex.o
LOAD Example/SW4STM32/startup_stm32l073xx.o
LOAD Example/User/main.o
LOAD Example/User/stm32l0xx_hal_msp.o
LOAD Example/User/stm32l0xx_it.o
START GROUP
LOAD c:/st/stm32cubeide_1.0.0/stm32cubeide/plugins/com.st.stm32cube.ide.mcu.externaltools.gnu-tools-for-stm32.7-2018-q2-update.win32_1.0.0.201904181610/tools/bin/../lib/gcc/arm-none-eabi/7.3.1/../../../../arm-none-eabi/lib/thumb/v6-m\libc_nano.a
LOAD c:/st/stm32cubeide_1.0.0/stm32cubeide/plugins/com.st.stm32cube.ide.mcu.externaltools.gnu-tools-for-stm32.7-2018-q2-update.win32_1.0.0.201904181610/tools/bin/../lib/gcc/arm-none-eabi/7.3.1/../../../../arm-none-eabi/lib/thumb/v6-m\libm.a
END GROUP
START GROUP
LOAD c:/st/stm32cubeide_1.0.0/stm32cubeide/plugins/com.st.stm32cube.ide.mcu.externaltools.gnu-tools-for-stm32.7-2018-q2-update.win32_1.0.0.201904181610/tools/bin/../lib/gcc/arm-none-eabi/7.3.1/thumb/v6-m\libgcc.a
LOAD c:/st/stm32cubeide_1.0.0/stm32cubeide/plugins/com.st.stm32cube.ide.mcu.externaltools.gnu-tools-for-stm32.7-2018-q2-update.win32_1.0.0.201904181610/tools/bin/../lib/gcc/arm-none-eabi/7.3.1/../../../../arm-none-eabi/lib/thumb/v6-m\libc_nano.a
END GROUP
START GROUP
LOAD c:/st/stm32cubeide_1.0.0/stm32cubeide/plugins/com.st.stm32cube.ide.mcu.externaltools.gnu-tools-for-stm32.7-2018-q2-update.win32_1.0.0.201904181610/tools/bin/../lib/gcc/arm-none-eabi/7.3.1/thumb/v6-m\libgcc.a
LOAD c:/st/stm32cubeide_1.0.0/stm32cubeide/plugins/com.st.stm32cube.ide.mcu.externaltools.gnu-tools-for-stm32.7-2018-q2-update.win32_1.0.0.201904181610/tools/bin/../lib/gcc/arm-none-eabi/7.3.1/../../../../arm-none-eabi/lib/thumb/v6-m\libc_nano.a
LOAD c:/st/stm32cubeide_1.0.0/stm32cubeide/plugins/com.st.stm32cube.ide.mcu.externaltools.gnu-tools-for-stm32.7-2018-q2-update.win32_1.0.0.201904181610/tools/bin/../lib/gcc/arm-none-eabi/7.3.1/../../../../arm-none-eabi/lib/thumb/v6-m\libnosys.a
END GROUP
START GROUP
LOAD c:/st/stm32cubeide_1.0.0/stm32cubeide/plugins/com.st.stm32cube.ide.mcu.externaltools.gnu-tools-for-stm32.7-2018-q2-update.win32_1.0.0.201904181610/tools/bin/../lib/gcc/arm-none-eabi/7.3.1/thumb/v6-m\libgcc.a
LOAD c:/st/stm32cubeide_1.0.0/stm32cubeide/plugins/com.st.stm32cube.ide.mcu.externaltools.gnu-tools-for-stm32.7-2018-q2-update.win32_1.0.0.201904181610/tools/bin/../lib/gcc/arm-none-eabi/7.3.1/../../../../arm-none-eabi/lib/thumb/v6-m\libc_nano.a
LOAD c:/st/stm32cubeide_1.0.0/stm32cubeide/plugins/com.st.stm32cube.ide.mcu.externaltools.gnu-tools-for-stm32.7-2018-q2-update.win32_1.0.0.201904181610/tools/bin/../lib/gcc/arm-none-eabi/7.3.1/../../../../arm-none-eabi/lib/thumb/v6-m\libnosys.a
END GROUP
LOAD c:/st/stm32cubeide_1.0.0/stm32cubeide/plugins/com.st.stm32cube.ide.mcu.externaltools.gnu-tools-for-stm32.7-2018-q2-update.win32_1.0.0.201904181610/tools/bin/../lib/gcc/arm-none-eabi/7.3.1/thumb/v6-m/crtend.o
LOAD c:/st/stm32cubeide_1.0.0/stm32cubeide/plugins/com.st.stm32cube.ide.mcu.externaltools.gnu-tools-for-stm32.7-2018-q2-update.win32_1.0.0.201904181610/tools/bin/../lib/gcc/arm-none-eabi/7.3.1/thumb/v6-m/crtn.o
                0x0000000020005000                _estack = 0x20005000
                0x0000000000000200                _Min_Heap_Size = 0x200
                0x0000000000000400                _Min_Stack_Size = 0x400

.isr_vector     0x0000000008000000       0xc0
                0x0000000008000000                . = ALIGN (0x4)
 *(.isr_vector)
 .isr_vector    0x0000000008000000       0xc0 Example/SW4STM32/startup_stm32l073xx.o
                0x0000000008000000                g_pfnVectors
                0x00000000080000c0                . = ALIGN (0x4)

.text           0x00000000080000c0     0x1588
                0x00000000080000c0                . = ALIGN (0x4)
 *(.text)
 .text          0x00000000080000c0       0x48 c:/st/stm32cubeide_1.0.0/stm32cubeide/plugins/com.st.stm32cube.ide.mcu.externaltools.gnu-tools-for-stm32.7-2018-q2-update.win32_1.0.0.201904181610/tools/bin/../lib/gcc/arm-none-eabi/7.3.1/thumb/v6-m/crtbegin.o
 .text          0x0000000008000108      0x114 c:/st/stm32cubeide_1.0.0/stm32cubeide/plugins/com.st.stm32cube.ide.mcu.externaltools.gnu-tools-for-stm32.7-2018-q2-update.win32_1.0.0.201904181610/tools/bin/../lib/gcc/arm-none-eabi/7.3.1/thumb/v6-m\libgcc.a(_udivsi3.o)
                0x0000000008000108                __aeabi_uidiv
                0x0000000008000108                __udivsi3
                0x0000000008000214                __aeabi_uidivmod
 .text          0x000000000800021c        0x4 c:/st/stm32cubeide_1.0.0/stm32cubeide/plugins/com.st.stm32cube.ide.mcu.externaltools.gnu-tools-for-stm32.7-2018-q2-update.win32_1.0.0.201904181610/tools/bin/../lib/gcc/arm-none-eabi/7.3.1/thumb/v6-m\libgcc.a(_dvmd_tls.o)
                0x000000000800021c                __aeabi_idiv0
                0x000000000800021c                __aeabi_ldiv0
 *(.text*)
 .text.BSP_LED_Init
                0x0000000008000220       0x50 Drivers/BSP/STM32L0xx_Nucleo/stm32l0xx_nucleo.o
                0x0000000008000220                BSP_LED_Init
 .text.BSP_LED_On
                0x0000000008000270       0x18 Drivers/BSP/STM32L0xx_Nucleo/stm32l0xx_nucleo.o
                0x0000000008000270                BSP_LED_On
 .text.BSP_LED_Off
                0x0000000008000288       0x18 Drivers/BSP/STM32L0xx_Nucleo/stm32l0xx_nucleo.o
                0x0000000008000288                BSP_LED_Off
 .text.BSP_LED_Toggle
                0x00000000080002a0       0x18 Drivers/BSP/STM32L0xx_Nucleo/stm32l0xx_nucleo.o
                0x00000000080002a0                BSP_LED_Toggle
 .text.SystemInit
                0x00000000080002b8       0x5c Drivers/CMSIS/system_stm32l0xx.o
                0x00000000080002b8                SystemInit
 .text.HAL_MspInit
                0x0000000008000314        0x2 Drivers/STM32L0xx_HAL_Driver/stm32l0xx_hal.o
                0x0000000008000314                HAL_MspInit
 *fill*         0x0000000008000316        0x2 
 .text.HAL_InitTick
                0x0000000008000318       0x30 Drivers/STM32L0xx_HAL_Driver/stm32l0xx_hal.o
                0x0000000008000318                HAL_InitTick
 .text.HAL_Init
                0x0000000008000348       0x28 Drivers/STM32L0xx_HAL_Driver/stm32l0xx_hal.o
                0x0000000008000348                HAL_Init
 .text.HAL_IncTick
                0x0000000008000370       0x10 Drivers/STM32L0xx_HAL_Driver/stm32l0xx_hal.o
                0x0000000008000370                HAL_IncTick
 .text.HAL_GetTick
                0x0000000008000380        0xc Drivers/STM32L0xx_HAL_Driver/stm32l0xx_hal.o
                0x0000000008000380                HAL_GetTick
 .text.HAL_Delay
                0x000000000800038c       0x1e Drivers/STM32L0xx_HAL_Driver/stm32l0xx_hal.o
                0x000000000800038c                HAL_Delay
 *fill*         0x00000000080003aa        0x2 
 .text.HAL_NVIC_SetPriority
                0x00000000080003ac       0x54 Drivers/STM32L0xx_HAL_Driver/stm32l0xx_hal_cortex.o
                0x00000000080003ac                HAL_NVIC_SetPriority
 .text.HAL_NVIC_EnableIRQ
                0x0000000008000400       0x14 Drivers/STM32L0xx_HAL_Driver/stm32l0xx_hal_cortex.o
                0x0000000008000400                HAL_NVIC_EnableIRQ
 .text.HAL_SYSTICK_Config
                0x0000000008000414       0x34 Drivers/STM32L0xx_HAL_Driver/stm32l0xx_hal_cortex.o
                0x0000000008000414                HAL_SYSTICK_Config
 .text.HAL_DMA_Init
                0x0000000008000448       0x88 Drivers/STM32L0xx_HAL_Driver/stm32l0xx_hal_dma.o
                0x0000000008000448                HAL_DMA_Init
 .text.HAL_DMA_Start_IT
                0x00000000080004d0       0x80 Drivers/STM32L0xx_HAL_Driver/stm32l0xx_hal_dma.o
                0x00000000080004d0                HAL_DMA_Start_IT
 .text.HAL_DMA_IRQHandler
                0x0000000008000550       0x96 Drivers/STM32L0xx_HAL_Driver/stm32l0xx_hal_dma.o
                0x0000000008000550                HAL_DMA_IRQHandler
 *fill*         0x00000000080005e6        0x2 
 .text.HAL_GPIO_Init
                0x00000000080005e8      0x174 Drivers/STM32L0xx_HAL_Driver/stm32l0xx_hal_gpio.o
                0x00000000080005e8                HAL_GPIO_Init
 .text.HAL_GPIO_WritePin
                0x000000000800075c        0xc Drivers/STM32L0xx_HAL_Driver/stm32l0xx_hal_gpio.o
                0x000000000800075c                HAL_GPIO_WritePin
 .text.HAL_GPIO_TogglePin
                0x0000000008000768        0x8 Drivers/STM32L0xx_HAL_Driver/stm32l0xx_hal_gpio.o
                0x0000000008000768                HAL_GPIO_TogglePin
 .text.HAL_RCC_GetSysClockFreq
                0x0000000008000770       0x80 Drivers/STM32L0xx_HAL_Driver/stm32l0xx_hal_rcc.o
                0x0000000008000770                HAL_RCC_GetSysClockFreq
 .text.HAL_RCC_OscConfig
                0x00000000080007f0      0x518 Drivers/STM32L0xx_HAL_Driver/stm32l0xx_hal_rcc.o
                0x00000000080007f0                HAL_RCC_OscConfig
 .text.HAL_RCC_ClockConfig
                0x0000000008000d08      0x170 Drivers/STM32L0xx_HAL_Driver/stm32l0xx_hal_rcc.o
                0x0000000008000d08                HAL_RCC_ClockConfig
 .text.SPI_WaitFlagStateUntilTimeout
                0x0000000008000e78       0x8c Drivers/STM32L0xx_HAL_Driver/stm32l0xx_hal_spi.o
 .text.SPI_EndRxTxTransaction
                0x0000000008000f04       0x42 Drivers/STM32L0xx_HAL_Driver/stm32l0xx_hal_spi.o
 .text.SPI_EndRxTransaction
                0x0000000008000f46       0x58 Drivers/STM32L0xx_HAL_Driver/stm32l0xx_hal_spi.o
 *fill*         0x0000000008000f9e        0x2 
 .text.HAL_SPI_Init
                0x0000000008000fa0       0x88 Drivers/STM32L0xx_HAL_Driver/stm32l0xx_hal_spi.o
                0x0000000008000fa0                HAL_SPI_Init
 .text.HAL_SPI_TransmitReceive_DMA
                0x0000000008001028      0x134 Drivers/STM32L0xx_HAL_Driver/stm32l0xx_hal_spi.o
                0x0000000008001028                HAL_SPI_TransmitReceive_DMA
 .text.HAL_SPI_RxCpltCallback
                0x000000000800115c        0x2 Drivers/STM32L0xx_HAL_Driver/stm32l0xx_hal_spi.o
                0x000000000800115c                HAL_SPI_RxCpltCallback
 .text.HAL_SPI_RxHalfCpltCallback
                0x000000000800115e        0x2 Drivers/STM32L0xx_HAL_Driver/stm32l0xx_hal_spi.o
                0x000000000800115e                HAL_SPI_RxHalfCpltCallback
 .text.SPI_DMAHalfReceiveCplt
                0x0000000008001160        0xa Drivers/STM32L0xx_HAL_Driver/stm32l0xx_hal_spi.o
 .text.HAL_SPI_TxRxHalfCpltCallback
                0x000000000800116a        0x2 Drivers/STM32L0xx_HAL_Driver/stm32l0xx_hal_spi.o
                0x000000000800116a                HAL_SPI_TxRxHalfCpltCallback
 .text.SPI_DMAHalfTransmitReceiveCplt
                0x000000000800116c        0xa Drivers/STM32L0xx_HAL_Driver/stm32l0xx_hal_spi.o
 .text.SPI_DMAError
                0x0000000008001176       0x24 Drivers/STM32L0xx_HAL_Driver/stm32l0xx_hal_spi.o
 *fill*         0x000000000800119a        0x2 
 .text.SPI_DMAReceiveCplt
                0x000000000800119c       0x9c Drivers/STM32L0xx_HAL_Driver/stm32l0xx_hal_spi.o
 .text.SPI_DMATransmitReceiveCplt
                0x0000000008001238       0xa0 Drivers/STM32L0xx_HAL_Driver/stm32l0xx_hal_spi.o
 .text.Reset_Handler
                0x00000000080012d8       0x50 Example/SW4STM32/startup_stm32l073xx.o
                0x00000000080012d8                Reset_Handler
 .text.Default_Handler
                0x0000000008001328        0x2 Example/SW4STM32/startup_stm32l073xx.o
                0x0000000008001328                TSC_IRQHandler
                0x0000000008001328                ADC1_COMP_IRQHandler
                0x0000000008001328                PVD_IRQHandler
                0x0000000008001328                I2C1_IRQHandler
                0x0000000008001328                RCC_CRS_IRQHandler
                0x0000000008001328                SPI1_IRQHandler
                0x0000000008001328                TIM6_DAC_IRQHandler
                0x0000000008001328                EXTI2_3_IRQHandler
                0x0000000008001328                I2C2_IRQHandler
                0x0000000008001328                RTC_IRQHandler
                0x0000000008001328                LCD_IRQHandler
                0x0000000008001328                TIM3_IRQHandler
                0x0000000008001328                EXTI4_15_IRQHandler
                0x0000000008001328                DMA1_Channel1_IRQHandler
                0x0000000008001328                USART4_5_IRQHandler
                0x0000000008001328                Default_Handler
                0x0000000008001328                TIM22_IRQHandler
                0x0000000008001328                TIM7_IRQHandler
                0x0000000008001328                EXTI0_1_IRQHandler
                0x0000000008001328                USB_IRQHandler
                0x0000000008001328                I2C3_IRQHandler
                0x0000000008001328                SPI2_IRQHandler
                0x0000000008001328                TIM21_IRQHandler
                0x0000000008001328                WWDG_IRQHandler
                0x0000000008001328                TIM2_IRQHandler
                0x0000000008001328                DMA1_Channel2_3_IRQHandler
                0x0000000008001328                USART2_IRQHandler
                0x0000000008001328                FLASH_IRQHandler
                0x0000000008001328                USART1_IRQHandler
                0x0000000008001328                RNG_LPUART1_IRQHandler
                0x0000000008001328                LPTIM1_IRQHandler
 .text.Error_Handler
                0x000000000800132a       0x1a Example/User/main.o
 .text.SystemClock_Config
                0x0000000008001344       0x70 Example/User/main.o
                0x0000000008001344                SystemClock_Config
 .text.startup.main
                0x00000000080013b4       0xa8 Example/User/main.o
                0x00000000080013b4                main
 .text.HAL_SPI_TxRxCpltCallback
                0x000000000800145c       0x14 Example/User/main.o
                0x000000000800145c                HAL_SPI_TxRxCpltCallback
 .text.HAL_SPI_ErrorCallback
                0x0000000008001470        0xc Example/User/main.o
                0x0000000008001470                HAL_SPI_ErrorCallback
 .text.HAL_SPI_MspInit
                0x000000000800147c      0x134 Example/User/stm32l0xx_hal_msp.o
                0x000000000800147c                HAL_SPI_MspInit
 .text.NMI_Handler
                0x00000000080015b0        0x2 Example/User/stm32l0xx_it.o
                0x00000000080015b0                NMI_Handler
 .text.HardFault_Handler
                0x00000000080015b2        0x2 Example/User/stm32l0xx_it.o
                0x00000000080015b2                HardFault_Handler
 .text.SVC_Handler
                0x00000000080015b4        0x2 Example/User/stm32l0xx_it.o
                0x00000000080015b4                SVC_Handler
 .text.PendSV_Handler
                0x00000000080015b6        0x2 Example/User/stm32l0xx_it.o
                0x00000000080015b6                PendSV_Handler
 .text.SysTick_Handler
                0x00000000080015b8        0x8 Example/User/stm32l0xx_it.o
                0x00000000080015b8                SysTick_Handler
 .text.DMA1_Channel4_5_6_7_IRQHandler
                0x00000000080015c0       0x18 Example/User/stm32l0xx_it.o
                0x00000000080015c0                DMA1_Channel4_5_6_7_IRQHandler
 .text.__libc_init_array
                0x00000000080015d8       0x48 c:/st/stm32cubeide_1.0.0/stm32cubeide/plugins/com.st.stm32cube.ide.mcu.externaltools.gnu-tools-for-stm32.7-2018-q2-update.win32_1.0.0.201904181610/tools/bin/../lib/gcc/arm-none-eabi/7.3.1/../../../../arm-none-eabi/lib/thumb/v6-m\libc_nano.a(lib_a-init.o)
                0x00000000080015d8                __libc_init_array
 .text.memset   0x0000000008001620       0x10 c:/st/stm32cubeide_1.0.0/stm32cubeide/plugins/com.st.stm32cube.ide.mcu.externaltools.gnu-tools-for-stm32.7-2018-q2-update.win32_1.0.0.201904181610/tools/bin/../lib/gcc/arm-none-eabi/7.3.1/../../../../arm-none-eabi/lib/thumb/v6-m\libc_nano.a(lib_a-memset.o)
                0x0000000008001620                memset
 *(.glue_7)
 .glue_7        0x0000000008001630        0x0 linker stubs
 *(.glue_7t)
 .glue_7t       0x0000000008001630        0x0 linker stubs
 *(.eh_frame)
 .eh_frame      0x0000000008001630        0x0 c:/st/stm32cubeide_1.0.0/stm32cubeide/plugins/com.st.stm32cube.ide.mcu.externaltools.gnu-tools-for-stm32.7-2018-q2-update.win32_1.0.0.201904181610/tools/bin/../lib/gcc/arm-none-eabi/7.3.1/thumb/v6-m/crtbegin.o
 *(.init)
 .init          0x0000000008001630        0x4 c:/st/stm32cubeide_1.0.0/stm32cubeide/plugins/com.st.stm32cube.ide.mcu.externaltools.gnu-tools-for-stm32.7-2018-q2-update.win32_1.0.0.201904181610/tools/bin/../lib/gcc/arm-none-eabi/7.3.1/thumb/v6-m/crti.o
                0x0000000008001630                _init
 .init          0x0000000008001634        0x8 c:/st/stm32cubeide_1.0.0/stm32cubeide/plugins/com.st.stm32cube.ide.mcu.externaltools.gnu-tools-for-stm32.7-2018-q2-update.win32_1.0.0.201904181610/tools/bin/../lib/gcc/arm-none-eabi/7.3.1/thumb/v6-m/crtn.o
 *(.fini)
 .fini          0x000000000800163c        0x4 c:/st/stm32cubeide_1.0.0/stm32cubeide/plugins/com.st.stm32cube.ide.mcu.externaltools.gnu-tools-for-stm32.7-2018-q2-update.win32_1.0.0.201904181610/tools/bin/../lib/gcc/arm-none-eabi/7.3.1/thumb/v6-m/crti.o
                0x000000000800163c                _fini
 .fini          0x0000000008001640        0x8 c:/st/stm32cubeide_1.0.0/stm32cubeide/plugins/com.st.stm32cube.ide.mcu.externaltools.gnu-tools-for-stm32.7-2018-q2-update.win32_1.0.0.201904181610/tools/bin/../lib/gcc/arm-none-eabi/7.3.1/thumb/v6-m/crtn.o
                0x0000000008001648                . = ALIGN (0x4)
                0x0000000008001648                _etext = .

.vfp11_veneer   0x0000000008001648        0x0
 .vfp11_veneer  0x0000000008001648        0x0 linker stubs

.v4_bx          0x0000000008001648        0x0
 .v4_bx         0x0000000008001648        0x0 linker stubs

.iplt           0x0000000008001648        0x0
 .iplt          0x0000000008001648        0x0 c:/st/stm32cubeide_1.0.0/stm32cubeide/plugins/com.st.stm32cube.ide.mcu.externaltools.gnu-tools-for-stm32.7-2018-q2-update.win32_1.0.0.201904181610/tools/bin/../lib/gcc/arm-none-eabi/7.3.1/thumb/v6-m/crtbegin.o

.rodata         0x0000000008001648       0x24
                0x0000000008001648                . = ALIGN (0x4)
 *(.rodata)
 .rodata        0x0000000008001648       0x21 Drivers/CMSIS/system_stm32l0xx.o
                0x0000000008001648                PLLMulTable
                0x0000000008001651                AHBPrescTable
                0x0000000008001661                APBPrescTable
 *(.rodata*)
                0x000000000800166c                . = ALIGN (0x4)
 *fill*         0x0000000008001669        0x3 

.rel.dyn        0x000000000800166c        0x0
 .rel.iplt      0x000000000800166c        0x0 c:/st/stm32cubeide_1.0.0/stm32cubeide/plugins/com.st.stm32cube.ide.mcu.externaltools.gnu-tools-for-stm32.7-2018-q2-update.win32_1.0.0.201904181610/tools/bin/../lib/gcc/arm-none-eabi/7.3.1/thumb/v6-m/crtbegin.o

.ARM.extab
 *(.ARM.extab* .gnu.linkonce.armextab.*)

.ARM            0x000000000800166c        0x0
                0x000000000800166c                __exidx_start = .
 *(.ARM.exidx*)
                0x000000000800166c                __exidx_end = .

.preinit_array  0x000000000800166c        0x0
                0x000000000800166c                PROVIDE (__preinit_array_start = .)
 *(.preinit_array*)
                0x000000000800166c                PROVIDE (__preinit_array_end = .)

.init_array     0x000000000800166c        0x4
                0x000000000800166c                PROVIDE (__init_array_start = .)
 *(SORT_BY_NAME(.init_array.*))
 *(.init_array*)
 .init_array    0x000000000800166c        0x4 c:/st/stm32cubeide_1.0.0/stm32cubeide/plugins/com.st.stm32cube.ide.mcu.externaltools.gnu-tools-for-stm32.7-2018-q2-update.win32_1.0.0.201904181610/tools/bin/../lib/gcc/arm-none-eabi/7.3.1/thumb/v6-m/crtbegin.o
                0x0000000008001670                PROVIDE (__init_array_end = .)

.fini_array     0x0000000008001670        0x4
                [!provide]                        PROVIDE (__fini_array_start = .)
 *(SORT_BY_NAME(.fini_array.*))
 *(.fini_array*)
 .fini_array    0x0000000008001670        0x4 c:/st/stm32cubeide_1.0.0/stm32cubeide/plugins/com.st.stm32cube.ide.mcu.externaltools.gnu-tools-for-stm32.7-2018-q2-update.win32_1.0.0.201904181610/tools/bin/../lib/gcc/arm-none-eabi/7.3.1/thumb/v6-m/crtbegin.o
                [!provide]                        PROVIDE (__fini_array_end = .)
                0x0000000008001674                _sidata = LOADADDR (.data)

.data           0x0000000020000000       0x20 load address 0x0000000008001674
                0x0000000020000000                . = ALIGN (0x4)
                0x0000000020000000                _sdata = .
 *(.data)
 .data          0x0000000020000000        0xc Drivers/BSP/STM32L0xx_Nucleo/stm32l0xx_nucleo.o
                0x0000000020000000                SpixTimeout
                0x0000000020000004                LED_PORT
                0x0000000020000008                BUTTON_PORT
 .data          0x000000002000000c        0x4 Drivers/CMSIS/system_stm32l0xx.o
                0x000000002000000c                SystemCoreClock
 .data          0x0000000020000010        0xe Example/User/main.o
                0x0000000020000010                aTxBuffer
                0x0000000020000017                aCompareBuffer
 *(.data*)
                0x0000000020000020                . = ALIGN (0x4)
 *fill*         0x000000002000001e        0x2 
                0x0000000020000020                _edata = .

.igot.plt       0x0000000020000020        0x0 load address 0x0000000008001694
 .igot.plt      0x0000000020000020        0x0 c:/st/stm32cubeide_1.0.0/stm32cubeide/plugins/com.st.stm32cube.ide.mcu.externaltools.gnu-tools-for-stm32.7-2018-q2-update.win32_1.0.0.201904181610/tools/bin/../lib/gcc/arm-none-eabi/7.3.1/thumb/v6-m/crtbegin.o
                0x0000000020000020                . = ALIGN (0x4)

.bss            0x0000000020000020      0x114 load address 0x0000000008001694
                0x0000000020000020                _sbss = .
                0x0000000020000020                __bss_start__ = _sbss
 *(.bss)
 .bss           0x0000000020000020       0x1c c:/st/stm32cubeide_1.0.0/stm32cubeide/plugins/com.st.stm32cube.ide.mcu.externaltools.gnu-tools-for-stm32.7-2018-q2-update.win32_1.0.0.201904181610/tools/bin/../lib/gcc/arm-none-eabi/7.3.1/thumb/v6-m/crtbegin.o
 .bss           0x000000002000003c        0x4 Example/User/main.o
                0x000000002000003c                wTransferState
 .bss           0x0000000020000040       0x90 Example/User/stm32l0xx_hal_msp.o
 *(.bss*)
 *(COMMON)
 COMMON         0x00000000200000d0        0x4 Drivers/STM32L0xx_HAL_Driver/stm32l0xx_hal.o
                0x00000000200000d0                uwTick
 COMMON         0x00000000200000d4       0x5e Example/User/main.o
                0x00000000200000d4                SpiHandle
                0x000000002000012c                aRxBuffer
                0x0000000020000134                . = ALIGN (0x4)
 *fill*         0x0000000020000132        0x2 
                0x0000000020000134                _ebss = .
                0x0000000020000134                __bss_end__ = _ebss

._user_heap_stack
                0x0000000020000134      0x604 load address 0x0000000008001694
                0x0000000020000138                . = ALIGN (0x8)
 *fill*         0x0000000020000134        0x4 
                [!provide]                        PROVIDE (end = .)
                [!provide]                        PROVIDE (_end = .)
                0x0000000020000338                . = (. + _Min_Heap_Size)
 *fill*         0x0000000020000138      0x200 
                0x0000000020000738                . = (. + _Min_Stack_Size)
 *fill*         0x0000000020000338      0x400 
                0x0000000020000738                . = ALIGN (0x8)

/DISCARD/
 libc.a(*)
 libm.a(*)
 libgcc.a(*)

.ARM.attributes
                0x0000000000000000       0x28
 *(.ARM.attributes)
 .ARM.attributes
                0x0000000000000000       0x1e c:/st/stm32cubeide_1.0.0/stm32cubeide/plugins/com.st.stm32cube.ide.mcu.externaltools.gnu-tools-for-stm32.7-2018-q2-update.win32_1.0.0.201904181610/tools/bin/../lib/gcc/arm-none-eabi/7.3.1/thumb/v6-m/crti.o
 .ARM.attributes
                0x000000000000001e       0x2c c:/st/stm32cubeide_1.0.0/stm32cubeide/plugins/com.st.stm32cube.ide.mcu.externaltools.gnu-tools-for-stm32.7-2018-q2-update.win32_1.0.0.201904181610/tools/bin/../lib/gcc/arm-none-eabi/7.3.1/thumb/v6-m/crtbegin.o
 .ARM.attributes
                0x000000000000004a       0x32 Drivers/BSP/STM32L0xx_Nucleo/stm32l0xx_nucleo.o
 .ARM.attributes
                0x000000000000007c       0x32 Drivers/CMSIS/system_stm32l0xx.o
 .ARM.attributes
                0x00000000000000ae       0x32 Drivers/STM32L0xx_HAL_Driver/stm32l0xx_hal.o
 .ARM.attributes
                0x00000000000000e0       0x32 Drivers/STM32L0xx_HAL_Driver/stm32l0xx_hal_cortex.o
 .ARM.attributes
                0x0000000000000112       0x32 Drivers/STM32L0xx_HAL_Driver/stm32l0xx_hal_dma.o
 .ARM.attributes
                0x0000000000000144       0x32 Drivers/STM32L0xx_HAL_Driver/stm32l0xx_hal_gpio.o
 .ARM.attributes
                0x0000000000000176       0x32 Drivers/STM32L0xx_HAL_Driver/stm32l0xx_hal_rcc.o
 .ARM.attributes
                0x00000000000001a8       0x32 Drivers/STM32L0xx_HAL_Driver/stm32l0xx_hal_spi.o
 .ARM.attributes
                0x00000000000001da       0x22 Example/SW4STM32/startup_stm32l073xx.o
 .ARM.attributes
                0x00000000000001fc       0x32 Example/User/main.o
 .ARM.attributes
                0x000000000000022e       0x32 Example/User/stm32l0xx_hal_msp.o
 .ARM.attributes
                0x0000000000000260       0x32 Example/User/stm32l0xx_it.o
 .ARM.attributes
                0x0000000000000292       0x2c c:/st/stm32cubeide_1.0.0/stm32cubeide/plugins/com.st.stm32cube.ide.mcu.externaltools.gnu-tools-for-stm32.7-2018-q2-update.win32_1.0.0.201904181610/tools/bin/../lib/gcc/arm-none-eabi/7.3.1/../../../../arm-none-eabi/lib/thumb/v6-m\libc_nano.a(lib_a-init.o)
 .ARM.attributes
                0x00000000000002be       0x2c c:/st/stm32cubeide_1.0.0/stm32cubeide/plugins/com.st.stm32cube.ide.mcu.externaltools.gnu-tools-for-stm32.7-2018-q2-update.win32_1.0.0.201904181610/tools/bin/../lib/gcc/arm-none-eabi/7.3.1/../../../../arm-none-eabi/lib/thumb/v6-m\libc_nano.a(lib_a-memset.o)
 .ARM.attributes
                0x00000000000002ea       0x1e c:/st/stm32cubeide_1.0.0/stm32cubeide/plugins/com.st.stm32cube.ide.mcu.externaltools.gnu-tools-for-stm32.7-2018-q2-update.win32_1.0.0.201904181610/tools/bin/../lib/gcc/arm-none-eabi/7.3.1/thumb/v6-m\libgcc.a(_udivsi3.o)
 .ARM.attributes
                0x0000000000000308       0x1e c:/st/stm32cubeide_1.0.0/stm32cubeide/plugins/com.st.stm32cube.ide.mcu.externaltools.gnu-tools-for-stm32.7-2018-q2-update.win32_1.0.0.201904181610/tools/bin/../lib/gcc/arm-none-eabi/7.3.1/thumb/v6-m\libgcc.a(_dvmd_tls.o)
 .ARM.attributes
                0x0000000000000326       0x1e c:/st/stm32cubeide_1.0.0/stm32cubeide/plugins/com.st.stm32cube.ide.mcu.externaltools.gnu-tools-for-stm32.7-2018-q2-update.win32_1.0.0.201904181610/tools/bin/../lib/gcc/arm-none-eabi/7.3.1/thumb/v6-m/crtn.o
OUTPUT(STM32L073RZ_NUCLEO.elf elf32-littlearm)

.debug_info     0x0000000000000000     0x846b
 .debug_info    0x0000000000000000     0x16a3 Drivers/BSP/STM32L0xx_Nucleo/stm32l0xx_nucleo.o
 .debug_info    0x00000000000016a3      0x395 Drivers/CMSIS/system_stm32l0xx.o
 .debug_info    0x0000000000001a38      0x8af Drivers/STM32L0xx_HAL_Driver/stm32l0xx_hal.o
 .debug_info    0x00000000000022e7      0x9d3 Drivers/STM32L0xx_HAL_Driver/stm32l0xx_hal_cortex.o
 .debug_info    0x0000000000002cba      0x815 Drivers/STM32L0xx_HAL_Driver/stm32l0xx_hal_dma.o
 .debug_info    0x00000000000034cf      0x6d8 Drivers/STM32L0xx_HAL_Driver/stm32l0xx_hal_gpio.o
 .debug_info    0x0000000000003ba7      0xc45 Drivers/STM32L0xx_HAL_Driver/stm32l0xx_hal_rcc.o
 .debug_info    0x00000000000047ec     0x1e90 Drivers/STM32L0xx_HAL_Driver/stm32l0xx_hal_spi.o
 .debug_info    0x000000000000667c       0x22 Example/SW4STM32/startup_stm32l073xx.o
 .debug_info    0x000000000000669e      0xbb9 Example/User/main.o
 .debug_info    0x0000000000007257      0xbc5 Example/User/stm32l0xx_hal_msp.o
 .debug_info    0x0000000000007e1c      0x64f Example/User/stm32l0xx_it.o

.debug_abbrev   0x0000000000000000     0x1969
 .debug_abbrev  0x0000000000000000      0x395 Drivers/BSP/STM32L0xx_Nucleo/stm32l0xx_nucleo.o
 .debug_abbrev  0x0000000000000395      0x111 Drivers/CMSIS/system_stm32l0xx.o
 .debug_abbrev  0x00000000000004a6      0x293 Drivers/STM32L0xx_HAL_Driver/stm32l0xx_hal.o
 .debug_abbrev  0x0000000000000739      0x26f Drivers/STM32L0xx_HAL_Driver/stm32l0xx_hal_cortex.o
 .debug_abbrev  0x00000000000009a8      0x203 Drivers/STM32L0xx_HAL_Driver/stm32l0xx_hal_dma.o
 .debug_abbrev  0x0000000000000bab      0x1cf Drivers/STM32L0xx_HAL_Driver/stm32l0xx_hal_gpio.o
 .debug_abbrev  0x0000000000000d7a      0x2be Drivers/STM32L0xx_HAL_Driver/stm32l0xx_hal_rcc.o
 .debug_abbrev  0x0000000000001038      0x34a Drivers/STM32L0xx_HAL_Driver/stm32l0xx_hal_spi.o
 .debug_abbrev  0x0000000000001382       0x12 Example/SW4STM32/startup_stm32l073xx.o
 .debug_abbrev  0x0000000000001394      0x26c Example/User/main.o
 .debug_abbrev  0x0000000000001600      0x1c3 Example/User/stm32l0xx_hal_msp.o
 .debug_abbrev  0x00000000000017c3      0x1a6 Example/User/stm32l0xx_it.o

.debug_loc      0x0000000000000000     0x3693
 .debug_loc     0x0000000000000000      0x5a5 Drivers/BSP/STM32L0xx_Nucleo/stm32l0xx_nucleo.o
 .debug_loc     0x00000000000005a5      0x15b Drivers/CMSIS/system_stm32l0xx.o
 .debug_loc     0x0000000000000700      0x13d Drivers/STM32L0xx_HAL_Driver/stm32l0xx_hal.o
 .debug_loc     0x000000000000083d      0x3cb Drivers/STM32L0xx_HAL_Driver/stm32l0xx_hal_cortex.o
 .debug_loc     0x0000000000000c08      0x7d6 Drivers/STM32L0xx_HAL_Driver/stm32l0xx_hal_dma.o
 .debug_loc     0x00000000000013de      0x2ed Drivers/STM32L0xx_HAL_Driver/stm32l0xx_hal_gpio.o
 .debug_loc     0x00000000000016cb      0x555 Drivers/STM32L0xx_HAL_Driver/stm32l0xx_hal_rcc.o
 .debug_loc     0x0000000000001c20     0x1965 Drivers/STM32L0xx_HAL_Driver/stm32l0xx_hal_spi.o
 .debug_loc     0x0000000000003585       0xc1 Example/User/main.o
 .debug_loc     0x0000000000003646       0x4d Example/User/stm32l0xx_hal_msp.o

.debug_aranges  0x0000000000000000      0x638
 .debug_aranges
                0x0000000000000000       0xd0 Drivers/BSP/STM32L0xx_Nucleo/stm32l0xx_nucleo.o
 .debug_aranges
                0x00000000000000d0       0x28 Drivers/CMSIS/system_stm32l0xx.o
 .debug_aranges
                0x00000000000000f8       0xf0 Drivers/STM32L0xx_HAL_Driver/stm32l0xx_hal.o
 .debug_aranges
                0x00000000000001e8       0x90 Drivers/STM32L0xx_HAL_Driver/stm32l0xx_hal_cortex.o
 .debug_aranges
                0x0000000000000278       0x78 Drivers/STM32L0xx_HAL_Driver/stm32l0xx_hal_dma.o
 .debug_aranges
                0x00000000000002f0       0x58 Drivers/STM32L0xx_HAL_Driver/stm32l0xx_hal_gpio.o
 .debug_aranges
                0x0000000000000348       0x80 Drivers/STM32L0xx_HAL_Driver/stm32l0xx_hal_rcc.o
 .debug_aranges
                0x00000000000003c8      0x1a8 Drivers/STM32L0xx_HAL_Driver/stm32l0xx_hal_spi.o
 .debug_aranges
                0x0000000000000570       0x28 Example/SW4STM32/startup_stm32l073xx.o
 .debug_aranges
                0x0000000000000598       0x40 Example/User/main.o
 .debug_aranges
                0x00000000000005d8       0x28 Example/User/stm32l0xx_hal_msp.o
 .debug_aranges
                0x0000000000000600       0x38 Example/User/stm32l0xx_it.o

.debug_ranges   0x0000000000000000      0x938
 .debug_ranges  0x0000000000000000      0x1b8 Drivers/BSP/STM32L0xx_Nucleo/stm32l0xx_nucleo.o
 .debug_ranges  0x00000000000001b8       0x18 Drivers/CMSIS/system_stm32l0xx.o
 .debug_ranges  0x00000000000001d0       0xe0 Drivers/STM32L0xx_HAL_Driver/stm32l0xx_hal.o
 .debug_ranges  0x00000000000002b0      0x138 Drivers/STM32L0xx_HAL_Driver/stm32l0xx_hal_cortex.o
 .debug_ranges  0x00000000000003e8       0xa8 Drivers/STM32L0xx_HAL_Driver/stm32l0xx_hal_dma.o
 .debug_ranges  0x0000000000000490       0x48 Drivers/STM32L0xx_HAL_Driver/stm32l0xx_hal_gpio.o
 .debug_ranges  0x00000000000004d8       0xd8 Drivers/STM32L0xx_HAL_Driver/stm32l0xx_hal_rcc.o
 .debug_ranges  0x00000000000005b0      0x290 Drivers/STM32L0xx_HAL_Driver/stm32l0xx_hal_spi.o
 .debug_ranges  0x0000000000000840       0x20 Example/SW4STM32/startup_stm32l073xx.o
 .debug_ranges  0x0000000000000860       0x30 Example/User/main.o
 .debug_ranges  0x0000000000000890       0x80 Example/User/stm32l0xx_hal_msp.o
 .debug_ranges  0x0000000000000910       0x28 Example/User/stm32l0xx_it.o

.debug_macro    0x0000000000000000    0x131a4
 .debug_macro   0x0000000000000000      0x1ce Drivers/BSP/STM32L0xx_Nucleo/stm32l0xx_nucleo.o
 .debug_macro   0x00000000000001ce      0xa4e Drivers/BSP/STM32L0xx_Nucleo/stm32l0xx_nucleo.o
 .debug_macro   0x0000000000000c1c       0xa3 Drivers/BSP/STM32L0xx_Nucleo/stm32l0xx_nucleo.o
 .debug_macro   0x0000000000000cbf       0x2e Drivers/BSP/STM32L0xx_Nucleo/stm32l0xx_nucleo.o
 .debug_macro   0x0000000000000ced       0x28 Drivers/BSP/STM32L0xx_Nucleo/stm32l0xx_nucleo.o
 .debug_macro   0x0000000000000d15       0x22 Drivers/BSP/STM32L0xx_Nucleo/stm32l0xx_nucleo.o
 .debug_macro   0x0000000000000d37       0x8e Drivers/BSP/STM32L0xx_Nucleo/stm32l0xx_nucleo.o
 .debug_macro   0x0000000000000dc5       0x51 Drivers/BSP/STM32L0xx_Nucleo/stm32l0xx_nucleo.o
 .debug_macro   0x0000000000000e16       0xef Drivers/BSP/STM32L0xx_Nucleo/stm32l0xx_nucleo.o
 .debug_macro   0x0000000000000f05       0x6a Drivers/BSP/STM32L0xx_Nucleo/stm32l0xx_nucleo.o
 .debug_macro   0x0000000000000f6f      0x1df Drivers/BSP/STM32L0xx_Nucleo/stm32l0xx_nucleo.o
 .debug_macro   0x000000000000114e       0x34 Drivers/BSP/STM32L0xx_Nucleo/stm32l0xx_nucleo.o
 .debug_macro   0x0000000000001182       0x26 Drivers/BSP/STM32L0xx_Nucleo/stm32l0xx_nucleo.o
 .debug_macro   0x00000000000011a8      0x44f Drivers/BSP/STM32L0xx_Nucleo/stm32l0xx_nucleo.o
 .debug_macro   0x00000000000015f7     0xa43e Drivers/BSP/STM32L0xx_Nucleo/stm32l0xx_nucleo.o
 .debug_macro   0x000000000000ba35       0x3c Drivers/BSP/STM32L0xx_Nucleo/stm32l0xx_nucleo.o
 .debug_macro   0x000000000000ba71     0x352c Drivers/BSP/STM32L0xx_Nucleo/stm32l0xx_nucleo.o
 .debug_macro   0x000000000000ef9d      0x174 Drivers/BSP/STM32L0xx_Nucleo/stm32l0xx_nucleo.o
 .debug_macro   0x000000000000f111       0x5b Drivers/BSP/STM32L0xx_Nucleo/stm32l0xx_nucleo.o
 .debug_macro   0x000000000000f16c      0x8e4 Drivers/BSP/STM32L0xx_Nucleo/stm32l0xx_nucleo.o
 .debug_macro   0x000000000000fa50      0xbb4 Drivers/BSP/STM32L0xx_Nucleo/stm32l0xx_nucleo.o
 .debug_macro   0x0000000000010604      0x13f Drivers/BSP/STM32L0xx_Nucleo/stm32l0xx_nucleo.o
 .debug_macro   0x0000000000010743      0x1d1 Drivers/BSP/STM32L0xx_Nucleo/stm32l0xx_nucleo.o
 .debug_macro   0x0000000000010914      0x28e Drivers/BSP/STM32L0xx_Nucleo/stm32l0xx_nucleo.o
 .debug_macro   0x0000000000010ba2      0x1e9 Drivers/BSP/STM32L0xx_Nucleo/stm32l0xx_nucleo.o
 .debug_macro   0x0000000000010d8b      0x13e Drivers/BSP/STM32L0xx_Nucleo/stm32l0xx_nucleo.o
 .debug_macro   0x0000000000010ec9      0x4b5 Drivers/BSP/STM32L0xx_Nucleo/stm32l0xx_nucleo.o
 .debug_macro   0x000000000001137e      0x18d Drivers/BSP/STM32L0xx_Nucleo/stm32l0xx_nucleo.o
 .debug_macro   0x000000000001150b       0x16 Drivers/BSP/STM32L0xx_Nucleo/stm32l0xx_nucleo.o
 .debug_macro   0x0000000000011521      0x22c Drivers/BSP/STM32L0xx_Nucleo/stm32l0xx_nucleo.o
 .debug_macro   0x000000000001174d      0x57b Drivers/BSP/STM32L0xx_Nucleo/stm32l0xx_nucleo.o
 .debug_macro   0x0000000000011cc8       0x44 Drivers/BSP/STM32L0xx_Nucleo/stm32l0xx_nucleo.o
 .debug_macro   0x0000000000011d0c      0x199 Drivers/BSP/STM32L0xx_Nucleo/stm32l0xx_nucleo.o
 .debug_macro   0x0000000000011ea5      0x15f Drivers/BSP/STM32L0xx_Nucleo/stm32l0xx_nucleo.o
 .debug_macro   0x0000000000012004      0x19b Drivers/CMSIS/system_stm32l0xx.o
 .debug_macro   0x000000000001219f      0x1b9 Drivers/STM32L0xx_HAL_Driver/stm32l0xx_hal.o
 .debug_macro   0x0000000000012358      0x195 Drivers/STM32L0xx_HAL_Driver/stm32l0xx_hal_cortex.o
 .debug_macro   0x00000000000124ed      0x195 Drivers/STM32L0xx_HAL_Driver/stm32l0xx_hal_dma.o
 .debug_macro   0x0000000000012682      0x1cd Drivers/STM32L0xx_HAL_Driver/stm32l0xx_hal_gpio.o
 .debug_macro   0x000000000001284f      0x1cb Drivers/STM32L0xx_HAL_Driver/stm32l0xx_hal_rcc.o
 .debug_macro   0x0000000000012a1a      0x19d Drivers/STM32L0xx_HAL_Driver/stm32l0xx_hal_spi.o
 .debug_macro   0x0000000000012bb7      0x1b3 Example/User/main.o
 .debug_macro   0x0000000000012d6a       0xca Example/User/main.o
 .debug_macro   0x0000000000012e34      0x1b3 Example/User/stm32l0xx_hal_msp.o
 .debug_macro   0x0000000000012fe7      0x1bd Example/User/stm32l0xx_it.o

.debug_line     0x0000000000000000     0x6c84
 .debug_line    0x0000000000000000      0xa08 Drivers/BSP/STM32L0xx_Nucleo/stm32l0xx_nucleo.o
 .debug_line    0x0000000000000a08      0x77b Drivers/CMSIS/system_stm32l0xx.o
 .debug_line    0x0000000000001183      0x939 Drivers/STM32L0xx_HAL_Driver/stm32l0xx_hal.o
 .debug_line    0x0000000000001abc      0x91a Drivers/STM32L0xx_HAL_Driver/stm32l0xx_hal_cortex.o
 .debug_line    0x00000000000023d6      0x9be Drivers/STM32L0xx_HAL_Driver/stm32l0xx_hal_dma.o
 .debug_line    0x0000000000002d94      0x8bb Drivers/STM32L0xx_HAL_Driver/stm32l0xx_hal_gpio.o
 .debug_line    0x000000000000364f      0xa9e Drivers/STM32L0xx_HAL_Driver/stm32l0xx_hal_rcc.o
 .debug_line    0x00000000000040ed     0x1298 Drivers/STM32L0xx_HAL_Driver/stm32l0xx_hal_spi.o
 .debug_line    0x0000000000005385       0xef Example/SW4STM32/startup_stm32l073xx.o
 .debug_line    0x0000000000005474      0x82e Example/User/main.o
 .debug_line    0x0000000000005ca2      0x818 Example/User/stm32l0xx_hal_msp.o
 .debug_line    0x00000000000064ba      0x7ca Example/User/stm32l0xx_it.o

.debug_str      0x0000000000000000    0x77c74
 .debug_str     0x0000000000000000    0x75dfc Drivers/BSP/STM32L0xx_Nucleo/stm32l0xx_nucleo.o
                                      0x761c9 (size before relaxing)
 .debug_str     0x0000000000075dfc      0x10c Drivers/CMSIS/system_stm32l0xx.o
                                      0x74cd3 (size before relaxing)
 .debug_str     0x0000000000075f08      0x422 Drivers/STM32L0xx_HAL_Driver/stm32l0xx_hal.o
                                      0x75301 (size before relaxing)
 .debug_str     0x000000000007632a      0x29d Drivers/STM32L0xx_HAL_Driver/stm32l0xx_hal_cortex.o
                                      0x7510c (size before relaxing)
 .debug_str     0x00000000000765c7      0x297 Drivers/STM32L0xx_HAL_Driver/stm32l0xx_hal_dma.o
                                      0x75017 (size before relaxing)
 .debug_str     0x000000000007685e      0x21f Drivers/STM32L0xx_HAL_Driver/stm32l0xx_hal_gpio.o
                                      0x74f4e (size before relaxing)
 .debug_str     0x0000000000076a7d      0x44d Drivers/STM32L0xx_HAL_Driver/stm32l0xx_hal_rcc.o
                                      0x751b3 (size before relaxing)
 .debug_str     0x0000000000076eca      0x58c Drivers/STM32L0xx_HAL_Driver/stm32l0xx_hal_spi.o
                                      0x7558d (size before relaxing)
 .debug_str     0x0000000000077456       0x9b Example/SW4STM32/startup_stm32l073xx.o
                                        0x12b (size before relaxing)
 .debug_str     0x00000000000774f1      0x601 Example/User/main.o
                                      0x761d4 (size before relaxing)
 .debug_str     0x0000000000077af2       0xa6 Example/User/stm32l0xx_hal_msp.o
                                      0x761a6 (size before relaxing)
 .debug_str     0x0000000000077b98       0xdc Example/User/stm32l0xx_it.o
                                      0x75ecd (size before relaxing)

.comment        0x0000000000000000       0x7b
 .comment       0x0000000000000000       0x7b Drivers/BSP/STM32L0xx_Nucleo/stm32l0xx_nucleo.o
                                         0x7c (size before relaxing)
 .comment       0x000000000000007b       0x7c Drivers/CMSIS/system_stm32l0xx.o
 .comment       0x000000000000007b       0x7c Drivers/STM32L0xx_HAL_Driver/stm32l0xx_hal.o
 .comment       0x000000000000007b       0x7c Drivers/STM32L0xx_HAL_Driver/stm32l0xx_hal_cortex.o
 .comment       0x000000000000007b       0x7c Drivers/STM32L0xx_HAL_Driver/stm32l0xx_hal_dma.o
 .comment       0x000000000000007b       0x7c Drivers/STM32L0xx_HAL_Driver/stm32l0xx_hal_gpio.o
 .comment       0x000000000000007b       0x7c Drivers/STM32L0xx_HAL_Driver/stm32l0xx_hal_rcc.o
 .comment       0x000000000000007b       0x7c Drivers/STM32L0xx_HAL_Driver/stm32l0xx_hal_spi.o
 .comment       0x000000000000007b       0x7c Example/User/main.o
 .comment       0x000000000000007b       0x7c Example/User/stm32l0xx_hal_msp.o
 .comment       0x000000000000007b       0x7c Example/User/stm32l0xx_it.o

.debug_frame    0x0000000000000000     0x10c4
 .debug_frame   0x0000000000000000      0x274 Drivers/BSP/STM32L0xx_Nucleo/stm32l0xx_nucleo.o
 .debug_frame   0x0000000000000274       0x3c Drivers/CMSIS/system_stm32l0xx.o
 .debug_frame   0x00000000000002b0      0x1f8 Drivers/STM32L0xx_HAL_Driver/stm32l0xx_hal.o
 .debug_frame   0x00000000000004a8      0x11c Drivers/STM32L0xx_HAL_Driver/stm32l0xx_hal_cortex.o
 .debug_frame   0x00000000000005c4      0x164 Drivers/STM32L0xx_HAL_Driver/stm32l0xx_hal_dma.o
 .debug_frame   0x0000000000000728       0xbc Drivers/STM32L0xx_HAL_Driver/stm32l0xx_hal_gpio.o
 .debug_frame   0x00000000000007e4      0x148 Drivers/STM32L0xx_HAL_Driver/stm32l0xx_hal_rcc.o
 .debug_frame   0x000000000000092c      0x5e0 Drivers/STM32L0xx_HAL_Driver/stm32l0xx_hal_spi.o
 .debug_frame   0x0000000000000f0c       0x84 Example/User/main.o
 .debug_frame   0x0000000000000f90       0x48 Example/User/stm32l0xx_hal_msp.o
 .debug_frame   0x0000000000000fd8       0x80 Example/User/stm32l0xx_it.o
 .debug_frame   0x0000000000001058       0x2c c:/st/stm32cubeide_1.0.0/stm32cubeide/plugins/com.st.stm32cube.ide.mcu.externaltools.gnu-tools-for-stm32.7-2018-q2-update.win32_1.0.0.201904181610/tools/bin/../lib/gcc/arm-none-eabi/7.3.1/../../../../arm-none-eabi/lib/thumb/v6-m\libc_nano.a(lib_a-init.o)
 .debug_frame   0x0000000000001084       0x20 c:/st/stm32cubeide_1.0.0/stm32cubeide/plugins/com.st.stm32cube.ide.mcu.externaltools.gnu-tools-for-stm32.7-2018-q2-update.win32_1.0.0.201904181610/tools/bin/../lib/gcc/arm-none-eabi/7.3.1/../../../../arm-none-eabi/lib/thumb/v6-m\libc_nano.a(lib_a-memset.o)
 .debug_frame   0x00000000000010a4       0x20 c:/st/stm32cubeide_1.0.0/stm32cubeide/plugins/com.st.stm32cube.ide.mcu.externaltools.gnu-tools-for-stm32.7-2018-q2-update.win32_1.0.0.201904181610/tools/bin/../lib/gcc/arm-none-eabi/7.3.1/thumb/v6-m\libgcc.a(_udivsi3.o)
