stm32l0xx_nucleo.c:351:13:SPIx_Init	56	static
stm32l0xx_nucleo.c:389:13:SPIx_WriteReadData	16	static
stm32l0xx_nucleo.c:428:13:SPIx_Write	32	static
stm32l0xx_nucleo.c:152:10:BSP_GetVersion	0	static
stm32l0xx_nucleo.c:164:6:BSP_LED_Init	40	static
stm32l0xx_nucleo.c:191:6:BSP_LED_DeInit	8	static
stm32l0xx_nucleo.c:209:6:BSP_LED_On	8	static
stm32l0xx_nucleo.c:221:6:BSP_LED_Off	8	static
stm32l0xx_nucleo.c:233:6:BSP_LED_Toggle	8	static
stm32l0xx_nucleo.c:249:6:BSP_PB_Init	40	static
stm32l0xx_nucleo.c:287:6:BSP_PB_DeInit	8	static
stm32l0xx_nucleo.c:302:10:BSP_PB_GetState	8	static
stm32l0xx_nucleo.c:509:6:SD_IO_CSState	8	static
stm32l0xx_nucleo.c:528:6:SD_IO_WriteReadData	8	static
stm32l0xx_nucleo.c:539:9:SD_IO_WriteByte	24	static
stm32l0xx_nucleo.c:466:6:SD_IO_Init	48	static
stm32l0xx_nucleo.c:554:6:SD_IO_ReadData	8	static
stm32l0xx_nucleo.c:566:6:SD_IO_WriteData	8	static
stm32l0xx_nucleo.c:577:6:LCD_IO_Init	48	static
stm32l0xx_nucleo.c:608:6:LCD_IO_WriteReg	16	static
stm32l0xx_nucleo.c:629:6:LCD_IO_WriteData	16	static
stm32l0xx_nucleo.c:650:6:LCD_IO_WriteMultipleData	24	static
stm32l0xx_nucleo.c:706:6:LCD_Delay	8	static
